---
source: mlt/src/ui/tests.rs
expression: render(&mut app)
---
"┌mix_2_poly_polyh_tes.mlt - h┐┌Map View────────────────────────────────────────────────────────────┐"
"│   All                      ││                                                                    │"
"│     Layer: layer1 (2 Polygo││                                                                    │"
"│       Feat 0: Polygon (4v) ││                                                      ⣀⣀⣤⠤⡲         │"
"│>>     Feat 1: Polygon (8v, ││                                               ⣀⡠⠤⣔⡲⠮⠛⠉⠁ ⢀⠇         │"
"│                            ││                                       ⢀⣀⡠⠤⠒⠒⣉⡩⠔⠒⠉       ⡜          │"
"│                            ││     ⢸⠉⠉⠉⠉⠉⠉⠉⠉⠉⠉⠉⠉⠉⠉⠉⠉⠉⠉⠉⠉⠉⠉⠉⠉⠉⠉⣉⣉⠭⠝⠛⠋⠉⢉⣉⠭⠝⠋⠉⠉⠉⠉⠉⠉⠉⠉⠉⠉⠉⠉⢩⠋⠉⠉⠉⠉⡇     │"
"│                            ││     ⢸                  ⢀⣀⡠⠤⠔⢒⣉⣉⣀⠤⣤⡤⠶⡖⢎⠁                ⡎     ⡇     │"
"│                            ││     ⢸            ⣀⣤⣤⣶⡶⠛⠓⠒⠊⢉⣉⠥⠔⠒⠊⠉ ⢀⠜  ⠣⡀              ⢸      ⡇     │"
"│                            ││     ⢸             ⠉⠛⠳⠾⣛⠭⠭⣉⣑⠢⢄⣀   ⢠⠊    ⠈⠢⡀           ⢀⠇      ⡇     │"
"│                            ││     ⢸                  ⠉⠑⠢⠤⣉⠉⠑⠛⠲⠤⣃       ⠘⢄          ⡸       ⡇     │"
"│                            ││     ⢸                       ⠉⠑⠒⠤⣀⡀⠉⠒⠤⣀     ⠑⢄       ⢠⠃       ⡇     │"
"│                            ││     ⢸                            ⠈⠑⠒⠤⣀⡉⠒⠤⣀   ⠣⡀     ⡜        ⡇     │"
"│                            ││     ⢸                                 ⠈⠉⠒⠤⢕⡢⢄⡀⠈⠢⡀  ⢰⠁        ⡇     │"
"└◄███████████═══════════════►┘│     ⢸                                      ⠈⠉⠚⠵⢦⣜⣄ ⡇         ⡇     │"
"┌Properties (feat 1)─────────┐│     ⢸                                            ⠉⠛          ⡇     │"
"│(no properties)             ││     ⢸                                                        ⡇     │"
"│                            ││     ⢸                                                  ⢠⠤⣀⣀  ⡇     │"
"│                            ││     ⢸                                                  ⡎   ⠉⠉⡗⠒⠢⠤⢄⣀│"
"│                            ││     ⢸                                                 ⢀⠇     ⡇     │"
"│                            ││     ⢸                                                 ⢸      ⡇    ⢀│"
"│                            ││     ⢸                                                 ⡎      ⡇ ⣀⠔⠊⠁│"
"└────────────────────────────┘│     ⢸                                                ⢀⠇    ⢀⡠⡗⠉    │"
"┌Geometry────────────────────┐│     ⢸                                                ⢸  ⣀⠤⠊⠁ ⡇     │"
"│Type: Polygon               ▲│     ⢸                                                ⡮⠔⠊     ⡇     │"
"│Vertices: 8                 █│     ⢸                                                        ⡇     │"
"│Rings: 2                    █│     ⠸⠤⠤⠤⠤⠤⠤⠤⠤⠤⠤⠤⠤⠤⠤⠤⠤⠤⠤⠤⠤⠤⠤⠤⠤⠤⠤⠤⠤⠤⠤⠤⠤⠤⠤⠤⠤⠤⠤⠤⠤⠤⠤⠤⠤⠤⠤⠤⠤⠤⠤⠤⠤⠤⠤⠤⠤⠇     │"
"│  Ring 0: 4v, CW            ║│                                                                    │"
"│  Ring 1: 4v, CCW           ▼│                                                                    │"
"└────────────────────────────┘└────────────────────────────────────────────────────────────────────┘"
