---
source: mlt/src/ui/tests.rs
expression: "render_sized(&mut app, 100, 50)"
---
"┌unknown - h:help, q:quit, En┐┌Map View────────────────────────────────────────────────────────────┐"
"│   All                      ││                                                                    │"
"│     Layer: layer1 (2 featur││                                                                    │"
"│       Feat 0: Polygon (4v) ││                                                                    │"
"│       Feat 1: MultiPolygon ││                                                                    │"
"│>>       Part 0: Polygon (8v││                                                            ⢸⢆      │"
"│         Part 1: Polygon (4v││     ⢰⠒⠒⠒⠒⠒⠒⠒⠒⠒⠒⠒⠒⠒⠒⠒⠒⠒⠒⠒⠒⠒⠒⠒⠒⠒⠒⠒⠒⠒⠒⠒⠒⠒⠒⠒⠒⠒⠒⠒⠒⠒⠒⠒⠒⠒⠒⠒⠒⠒⡆    ⡇⢈⠆     │"
"│                            ││     ⢸                                                 ⡇    ⡇⡜      │"
"│                            ││     ⢸                                                 ⡇   ⢸⡰⠁      │"
"│                            ││     ⢸                                                 ⡇   ⣸⠃       │"
"│                            ││     ⢸                                                 ⡇   ⠏        │"
"│                            ││     ⢸                                                 ⡇            │"
"│                            ││     ⢸                                                 ⡇            │"
"│                            ││     ⢸                                                 ⡇            │"
"│                            ││     ⢸                                                 ⡇            │"
"│                            ││     ⢸                                                 ⡇            │"
"│                            ││     ⢸                                                 ⡇            │"
"│                            ││     ⢸                                                 ⡇            │"
"│                            ││     ⢸                                                 ⡇            │"
"│                            ││     ⢸                                                 ⡇            │"
"│                            ││     ⢸                                                 ⡇            │"
"│                            ││     ⢸                                                 ⡇            │"
"│                            ││     ⢸                                                 ⡇            │"
"│                            ││     ⢸                                                 ⡇            │"
"└◄███████████═══════════════►┘│     ⢸                                                 ⡇            │"
"┌Properties (feat 1)─────────┐│     ⢸                                                 ⡇            │"
"│(no properties)             ││     ⢸               ⣴⡇                                ⡇            │"
"│                            ││     ⢸             ⡠⠊⡎⢸                                ⡇            │"
"│                            ││     ⢸           ⢀⠜ ⡸ ⢸                           ⢸⠒⠤⣀ ⡇            │"
"│                            ││     ⢸          ⡰⠁ ⢠⠃  ⡇                          ⡜   ⠉⡗⠤⡀          │"
"│                            ││     ⢸        ⢠⠊⢀⡠⢊⢿⡆  ⢇                          ⡇    ⡇ ⠈⠑⠢⢄⡀      │"
"│                            ││     ⢸      ⢀⢔⡡⠒⠁ ⡜ ⡿⡀ ⢸                          ⡇    ⡇     ⠈⠑⡢    │"
"│                            ││     ⢸     ⣠⣗⣁⣀⣀⣀⡜  ⡇⢇ ⠸⡀                        ⢰⠁    ⡇     ⢀⠜     │"
"│                            ││     ⢸     ⠈⠳⣢⣀  ⠘⢄ ⢸⠘⡄ ⡇                        ⢸     ⡇    ⡠⠃      │"
"│                            ││     ⢸        ⠑⢍⠢⢄⡈⢢⢸ ⢱ ⢇                        ⢸     ⡇  ⢀⠜        │"
"│                            ││     ⢸          ⠑⢄⠈⠒⠵⡇ ⢇⢸                        ⡇     ⡇ ⡠⠃         │"
"│                            ││     ⢸            ⠉⠢⡀⠘⢄⠘⡜⡄                       ⡇     ⣇⠜           │"
"└────────────────────────────┘│     ⢸              ⠈⠢⡈⢆⢣⡇                      ⢀⠇    ⡠⡇            │"
"┌Geometry────────────────────┐│     ⢸                ⠈⠒⢯⣧                      ⢸   ⢀⠜ ⡇            │"
"│Component: part #0 of a     ││     ⢸                   ⠙                      ⢸  ⡠⠃  ⡇            │"
"│MultiPolygon                ││     ⢸                                          ⡜⢀⠜    ⡇            │"
"│Type: Polygon               ││     ⢸                                          ⡧⠃     ⡇            │"
"│Vertices: 8                 ││     ⢸                                                 ⡇            │"
"│Rings: 2                    ││     ⢸                                                 ⡇            │"
"│  Ring 0: 4v, CW            ││     ⢸⣀⣀⣀⣀⣀⣀⣀⣀⣀⣀⣀⣀⣀⣀⣀⣀⣀⣀⣀⣀⣀⣀⣀⣀⣀⣀⣀⣀⣀⣀⣀⣀⣀⣀⣀⣀⣀⣀⣀⣀⣀⣀⣀⣀⣀⣀⣀⣀⣀⡇            │"
"│  Ring 1: 4v, CCW           ││                                                                    │"
"│Triangles: 6                ││                                                                    │"
"│                            ││                                                                    │"
"│                            ││                                                                    │"
"└────────────────────────────┘└────────────────────────────────────────────────────────────────────┘"
