---
source: mlt/src/ui/tests.rs
expression: render(&mut app)
---
"┌Properties──────────────────┐┌World Map - 2/1/1 - zoom 2.0  drag=pan  hover=info  q/Esc quit──────┐"
"│Hover over a feature to     ││⡇⢠⡪⠜      ⠰⡁  ⣀⠤⠒⡡⠊                                 ⣼⠃             ⢸│"
"│inspect properties          ││⡧⠓⡣⡄     ⢀⠔⠁⢰⠭⣤⠒⠊                                  ⡰⢹              ⢸│"
"│                            ││⡇⢸⠈⠙⠄   ⡠⠊   ⠉⠒⠭⣶⣤⣀                              ⢀ ⡇⠸⡀             ⢸│"
"│                            ││⣷⠊     ⠈⢒⠆    ⠲⡛⠫⡍                              ⢰⠙⣤⡣⠔⠓             ⢸│"
"│                            ││⡏⠉⠒⠒⠊⠉⠑⠊⠁      ⠑⠼⠶⠖⠚⠛⠭⣒⢄                        ⠸⠊⢈⠎⢢              ⢸│"
"│                            ││⡏⠉⠒⠊⠉⠉⠉⢢               ⢹⢆                         ⢸ ⡬⠆             ⢸│"
"│                            ││⡗⠤⠤⠔⠒⠒⠤⠊                ⠹⣆                    ⢀⣀⡀⢠⠼⢀⡸⠄             ⢸│"
"│                            ││⡇⡤⢔⠆⡠⠔⡄⡖⠒⢢               ⠹⣆                   ⠸⡀⠈⠁⣀⡨⠆              ⢸│"
"│                            ││⡟ ⠘⠜  ⠈⡎⣒⠶⢗               ⢹⢆⢀                  ⢧ ⣠⣘⡄               ⢸│"
"│                            ││⣇⡀     ⠉   ⠉⣆⢤           ⠠⣃⢌⠛⡄               ⢀⠖⠉⢠⡀⠑⡅               ⢸│"
"│                            ││⡗⠥⣀⣀    ⢀     ⠉⠒⢄          ⡖⠳⢼               ⢠⠃⢀⣜⣑⣤⡃               ⢸│"
"│                            ││⣇  ⢸⠉⠛⢖⠊⠁⠑⢄     ⠈⣆        ⠘⠢⠔⣺               ⡬⢍⡹⡻⠝⠉                ⢸│"
"│                            ││⡇⢱⢀⠎  ⡜   ⡭⡒⢄   ⠉⠒⠤⡀       ⢀⠔⠁⡇            ⡷⠴⠕⠒⠉                   ⢸│"
"│                            ││⡇⠈⠊⣀ ⢀⡸  ⠘⠴⠁⢀⠇     ⠘⠤⡄     ⢎  ⡇        ⢀⠤⣀⡼⠁                       ⢸│"
"│                            ││⡏⠉⢹⡭⡉⠉⠉⠉⠉⣉⣉⣉⡏⠉⠉⠉⠹⡉⠫⡉⡩⠋⠉⠉⠉⠉⠉⠫⡉⢝⠋⠉⠉⠉⠉⠉⠉⢉⡽⠝⠛⠉⠉⠉⠉⠉⠉⠉⠉⠽⢍⡙⠝⠉⠛⠉⠹⡉⠉⠉⠉⠉⠉⠉⠉⠉⠉⢹│"
"│                            ││⣇⡠⢳⠁⠈⡑⢢⡀⠐⠥⠤⠴⠤⡀   ⠈⢢⠈        ⠸⡈⢢     ⢠⠇           ⠈⢛⣅⡀ ⢀⣀⠤⠊         ⢸│"
"│                            ││⡇ ⠉⠣⢊⢬⠍⢉ ⢀⣀ ⡀⠘⠤⣀⡑⡦⢄⠇         ⢣⡱    ⢠⠏               ⠈⠉⠁            ⢸│"
"│                            ││⡇    ⠁ ⠘⠃⡇ ⠉⠈⠢⣀⣀⠈⠙⠂           ⠫⢕⣤⣄⡀⣼                               ⢸│"
"│                            ││⡇        ⡸     ⢸  ⢠⢢             ⠈⠚⠃                               ⢸│"
"│                            ││⡇       ⠈⢢     ⠈⠣⠒⠁ ⠣⡀                                         ⢰⢒⣖⡀⢸│"
"│                            ││⡗⠤⢄⡀     ⢈⠆          ⠵⣀                                        ⢇×⣰⡁⢸│"
"│                            ││⡇  ⠈⠉⠑⡆⠠⡔⠊             ⠑⠢⡀                                  ⣀⠤⣖⣪⠒⢄⠘⣼│"
"│                            ││⡇     ⢇ ⢱                ⢱                                  ⣱ ⣠⢃⣏⠁ ⢸│"
"│                            ││⡇      ⠑⠁        ⢀⣀⣀⣀⣀⣀⠤⡪⣳⡁                                  ⠉ ⣨⠽⡡⣤⢼│"
"│                            ││⣧⠴⣢⣀⡀          ⣠⡴⠕⢒⠖⠉⠂ ⢴⠁⠈⠉⣽                                    ⣤⠒⠵⢹│"
"│                            ││⡗⠙⣤⠿⣷⡢⢄⡀      ⢊⠏⢱ ⠈⠶⣖⣄⢆⠉⠉⠙⠋⠓⠁                                    ⠉⢢⢸│"
"│                            ││⡇⢐⢯⠊⢠⣻⡜⢙⣠⣤⡤⠊⠉⠉⠁⡤⠒⠉⣟⡡⠔⠊⠁                                      ⡠⠤⠤⣀⣀⣎⢸│"
"│                            ││⡇⠈⠦⠃ ⠾⠶⠟⠋   ⢀⣀⠼⠄                                            ⠘⡶⢴    ⢹│"
"└────────────────────────────┘└────────────────────────────────────────────────────────────────────┘"
