---
source: mlt/src/ui/tests.rs
expression: render(&mut app)
---
"┌sample.mlt - h:help, q:quit,┐┌Map View────────────────────────────────────────────────────────────┐"
"│>> All                      ││                                                                    │"
"│     Layer: water (2 feature││                                                                    │"
"│     Layer: roads (2 feature││     ⢰⠒⠒⠒⠒⠒⠒⠒⠒⠒⠒⠒⠒⠒⠒⠒⠒⠒⠒⠒⠒⠒⠒⠒⠒⠒⠒⠒⢲⠒⠒⠒⠒⠒⠒⠒⠒⠒⠒⠒⠒⠒⠒⠒⠒⠒⠒⠒⠒⠒⠒⠒⠒⠒⠒⢒⡲⡆     │"
"│     Layer: poi (2 features,││     ⢸                           ⢸                 ⡤⠤⠤⠤⠤⠤⠤⢤⡔⠁ ⡇     │"
"│                            ││     ⢸                           ⢸                 ⡇    ⡠⠊⠁⡇  ⡇     │"
"│                            ││     ⢸      ⢀⣀⣀⣀⣀⣀⣀⣀⣀⣀⣀⣀⣀⣀⣀⣀⣀⣀⣀⣀⣀⣸⣀⣀⣀⣀⣀⣀⣀⣀⣀⣀⣀⣀⣀⣀⣀⣀⣀⣇⣀⣀⠔⠊   ⡇  ⡇     │"
"│                            ││     ⢸      ⢸                    ⢸                 ⣧⣒⣹⣀⣀⣀⣀⣀⡇  ⡇     │"
"│                            ││     ⢸      ⢸                    ⢸              ⢀⠤⠊  ⢸        ⡇     │"
"│                            ││     ⢸      ⢸      ×             ⢸            ⣀⠔⠁    ⢸        ⡇     │"
"│                            ││     ⢸      ⢸                    ⢸         ⢀⡠⠊       ⢸        ⡇     │"
"│                            ││     ⢸      ⢸                    ⢸       ⢀⠔⠁         ⢸        ⡇     │"
"│                            ││     ⢸      ⢸             ⡖⠒⠒⠒⠒⠒⠒⢺⠒⠒⠒⠒⠒⡲⡎⠁           ⢸        ⡇     │"
"│                            ││     ⢸      ⢸             ⡇      ⢸  ⢀⠔⠊ ⡇            ⢸        ⡇     │"
"└◄██████████════════════════►┘│     ⢸      ⢸             ⡇      ⢸⡠⠒⠁   ⡇            ⢸        ⡇     │"
"┌Properties (all layers)─────┐│     ⢸⠉⠉⠉⠉⠉⠉⢹⠉⠉⠉⠉⠉⠉⠉⠉⠉⠉⠉⠉⠉⡏⠉⠉⠉⠉⢉⠭⢻⠉⠉⠉⠉⠉⠉⡏⠉⠉⠉⠉⠉⠉⠉⠉⠉⠉⠉⠉⢹⠉⠉⠉⠉⠉⠉⠉⠉⡇     │"
"│Layers: 3                   ││     ⢸      ⢸             ⡇  ⡠⠔⠁ ⢸      ⡇            ⢸        ⡇     │"
"│Features: 6                 ││     ⢸      ⢸             ⣇⡠⠊    ⢸      ⡇            ⢸        ⡇     │"
"│water: 2 features           ││     ⢸      ⢸           ⢀⠔⠉⠉⠉⠉⠉⠉⠉⢹⠉⠉⠉⠉⠉⠉⠁            ⢸        ⡇     │"
"│roads: 2 features           ││     ⢸      ⢸         ⡠⠊⠁        ⢸               ×   ⢸        ⡇     │"
"│poi: 2 features             ││     ⢸      ⢸      ⢀⠔⠉           ⢸            ×      ⢸        ⡇     │"
"│                            ││     ⢸      ⢸    ⡠⠒⠁             ⢸                   ⢸        ⡇     │"
"└────────────────────────────┘│     ⢸  ⢸⠉⠉⠉⢹⠉⢉⠭⢻                ⢸                   ⢸        ⡇     │"
"┌Geometry (all layers)───────┐│     ⢸  ⢸   ⡸⠴⠥⠤⢼⠤⠤⠤⠤⠤⠤⠤⠤⠤⠤⠤⠤⠤⠤⠤⠤⢼⠤⠤⠤⠤⠤⠤⠤⠤⠤⠤⠤⠤⠤⠤⠤⠤⠤⠤⠤⠼        ⡇     │"
"│Vertices: 29                ▲│     ⢸  ⢸⢀⡠⠊    ⢸                ⢸                            ⡇     │"
"│Point: 1                    █│     ⢸ ⢀⠜⠓⠒⠒⠒⠒⠒⠒⠚                ⢸                            ⡇     │"
"│LineString: 1               ║│     ⠸⠮⠥⠤⠤⠤⠤⠤⠤⠤⠤⠤⠤⠤⠤⠤⠤⠤⠤⠤⠤⠤⠤⠤⠤⠤⠤⠤⠼⠤⠤⠤⠤⠤⠤⠤⠤⠤⠤⠤⠤⠤⠤⠤⠤⠤⠤⠤⠤⠤⠤⠤⠤⠤⠤⠤⠤⠇     │"
"│Polygon: 1                  ║│                                                                    │"
"│MultiPoint: 1               ▼│                                                                    │"
"└────────────────────────────┘└────────────────────────────────────────────────────────────────────┘"
