---
source: mlt-nom/tests/snapshots.rs
---
[
    Tag01(
        Layer01 {
            name: "water_feature",
            extent: 4096,
            id: Decoded(
                DecodedId(
                    Some(
                        [
                            Some(
                                0,
                            ),
                            Some(
                                0,
                            ),
                            Some(
                                0,
                            ),
                            Some(
                                0,
                            ),
                            Some(
                                0,
                            ),
                            Some(
                                0,
                            ),
                            Some(
                                0,
                            ),
                            Some(
                                0,
                            ),
                            Some(
                                0,
                            ),
                        ],
                    ),
                ),
            ),
            geometry: Decoded(
                DecodedGeometry {
                    vector_types: [
                        MultiPolygon,
                        MultiPolygon,
                        MultiPolygon,
                        MultiPolygon,
                        MultiPolygon,
                        MultiPolygon,
                        MultiPolygon,
                        Point,
                        Point,
                    ],
                    geometry_offsets: [0,84,112,136,142,182,347,364, ...; 10],
                    part_offsets: [0,1,2,3,4,5,6,7, ...; 367],
                    ring_offsets: [0,9,26,32,36,45,49,56, ...; 396],
                    vertex_offsets: None,
                    index_buffer: None,
                    triangles: None,
                    vertices: [93,867,85,888,75,902,46,906, ...; 11898],
                },
            ),
            properties: [
                Decoded(
                    DecodedProperty {
                        name: "bkt",
                        values: I32(
                            [],
                        ),
                    },
                ),
                Decoded(
                    DecodedProperty {
                        name: "gt",
                        values: Str(
                            [],
                        ),
                    },
                ),
                Decoded(
                    DecodedProperty {
                        name: "id",
                        values: Str(
                            [],
                        ),
                    },
                ),
                Decoded(
                    DecodedProperty {
                        name: "label-importance",
                        values: I32(
                            [],
                        ),
                    },
                ),
                Decoded(
                    DecodedProperty {
                        name: "max-text-width",
                        values: F32(
                            [],
                        ),
                    },
                ),
                Decoded(
                    DecodedProperty {
                        name: "name",
                        values: Str(
                            [],
                        ),
                    },
                ),
                Decoded(
                    DecodedProperty {
                        name: "name-f",
                        values: F32(
                            [],
                        ),
                    },
                ),
            ],
        },
    ),
    Tag01(
        Layer01 {
            name: "road",
            extent: 4096,
            id: Decoded(
                DecodedId(
                    Some(
                        [
                            Some(
                                0,
                            ),
                            Some(
                                0,
                            ),
                            Some(
                                0,
                            ),
                            Some(
                                0,
                            ),
                            Some(
                                0,
                            ),
                            Some(
                                0,
                            ),
                            Some(
                                0,
                            ),
                            Some(
                                0,
                            ),
                            Some(
                                0,
                            ),
                            Some(
                                0,
                            ),
                            Some(
                                0,
                            ),
                            Some(
                                0,
                            ),
                            Some(
                                0,
                            ),
                            Some(
                                0,
                            ),
                            Some(
                                0,
                            ),
                            Some(
                                0,
                            ),
                            Some(
                                0,
                            ),
                            Some(
                                0,
                            ),
                            Some(
                                0,
                            ),
                            Some(
                                0,
                            ),
                            Some(
                                0,
                            ),
                            Some(
                                0,
                            ),
                            Some(
                                0,
                            ),
                            Some(
                                0,
                            ),
                            Some(
                                0,
                            ),
                            Some(
                                0,
                            ),
                            Some(
                                0,
                            ),
                            Some(
                                0,
                            ),
                            Some(
                                0,
                            ),
                            Some(
                                0,
                            ),
                            Some(
                                0,
                            ),
                            Some(
                                0,
                            ),
                            Some(
                                0,
                            ),
                            Some(
                                0,
                            ),
                            Some(
                                0,
                            ),
                            Some(
                                0,
                            ),
                            Some(
                                0,
                            ),
                            Some(
                                0,
                            ),
                            Some(
                                0,
                            ),
                            Some(
                                0,
                            ),
                            Some(
                                0,
                            ),
                            Some(
                                0,
                            ),
                            Some(
                                0,
                            ),
                            Some(
                                0,
                            ),
                            Some(
                                0,
                            ),
                            Some(
                                0,
                            ),
                            Some(
                                0,
                            ),
                            Some(
                                0,
                            ),
                            Some(
                                0,
                            ),
                            Some(
                                0,
                            ),
                            Some(
                                0,
                            ),
                            Some(
                                0,
                            ),
                            Some(
                                0,
                            ),
                            Some(
                                0,
                            ),
                            Some(
                                0,
                            ),
                            Some(
                                0,
                            ),
                            Some(
                                0,
                            ),
                            Some(
                                0,
                            ),
                            Some(
                                0,
                            ),
                            Some(
                                0,
                            ),
                            Some(
                                0,
                            ),
                            Some(
                                0,
                            ),
                            Some(
                                0,
                            ),
                            Some(
                                0,
                            ),
                            Some(
                                0,
                            ),
                            Some(
                                0,
                            ),
                            Some(
                                0,
                            ),
                            Some(
                                0,
                            ),
                            Some(
                                0,
                            ),
                            Some(
                                0,
                            ),
                            Some(
                                0,
                            ),
                            Some(
                                0,
                            ),
                            Some(
                                0,
                            ),
                            Some(
                                0,
                            ),
                            Some(
                                0,
                            ),
                            Some(
                                0,
                            ),
                            Some(
                                0,
                            ),
                            Some(
                                0,
                            ),
                            Some(
                                0,
                            ),
                            Some(
                                0,
                            ),
                            Some(
                                0,
                            ),
                            Some(
                                0,
                            ),
                            Some(
                                0,
                            ),
                            Some(
                                0,
                            ),
                            Some(
                                0,
                            ),
                            Some(
                                0,
                            ),
                            Some(
                                0,
                            ),
                            Some(
                                0,
                            ),
                            Some(
                                0,
                            ),
                            Some(
                                0,
                            ),
                            Some(
                                0,
                            ),
                            Some(
                                0,
                            ),
                            Some(
                                0,
                            ),
                            Some(
                                0,
                            ),
                            Some(
                                0,
                            ),
                            Some(
                                0,
                            ),
                            Some(
                                0,
                            ),
                            Some(
                                0,
                            ),
                            Some(
                                0,
                            ),
                            Some(
                                0,
                            ),
                            Some(
                                0,
                            ),
                            Some(
                                0,
                            ),
                            Some(
                                0,
                            ),
                            Some(
                                0,
                            ),
                            Some(
                                0,
                            ),
                            Some(
                                0,
                            ),
                            Some(
                                0,
                            ),
                            Some(
                                0,
                            ),
                            Some(
                                0,
                            ),
                            Some(
                                0,
                            ),
                            Some(
                                0,
                            ),
                            Some(
                                0,
                            ),
                            Some(
                                0,
                            ),
                            Some(
                                0,
                            ),
                            Some(
                                0,
                            ),
                            Some(
                                0,
                            ),
                            Some(
                                0,
                            ),
                            Some(
                                0,
                            ),
                            Some(
                                0,
                            ),
                            Some(
                                0,
                            ),
                            Some(
                                0,
                            ),
                            Some(
                                0,
                            ),
                            Some(
                                0,
                            ),
                            Some(
                                0,
                            ),
                            Some(
                                0,
                            ),
                            Some(
                                0,
                            ),
                            Some(
                                0,
                            ),
                            Some(
                                0,
                            ),
                            Some(
                                0,
                            ),
                            Some(
                                0,
                            ),
                            Some(
                                0,
                            ),
                            Some(
                                0,
                            ),
                            Some(
                                0,
                            ),
                            Some(
                                0,
                            ),
                            Some(
                                0,
                            ),
                            Some(
                                0,
                            ),
                            Some(
                                0,
                            ),
                            Some(
                                0,
                            ),
                            Some(
                                0,
                            ),
                            Some(
                                0,
                            ),
                            Some(
                                0,
                            ),
                            Some(
                                0,
                            ),
                            Some(
                                0,
                            ),
                            Some(
                                0,
                            ),
                            Some(
                                0,
                            ),
                            Some(
                                0,
                            ),
                            Some(
                                0,
                            ),
                            Some(
                                0,
                            ),
                            Some(
                                0,
                            ),
                            Some(
                                0,
                            ),
                            Some(
                                0,
                            ),
                            Some(
                                0,
                            ),
                            Some(
                                0,
                            ),
                            Some(
                                0,
                            ),
                            Some(
                                0,
                            ),
                        ],
                    ),
                ),
            ),
            geometry: Decoded(
                DecodedGeometry {
                    vector_types: [
                        LineString,
                        MultiLineString,
                        MultiLineString,
                        MultiLineString,
                        MultiLineString,
                        MultiLineString,
                        MultiLineString,
                        MultiLineString,
                        MultiLineString,
                        MultiLineString,
                        MultiLineString,
                        MultiLineString,
                        MultiLineString,
                        MultiLineString,
                        MultiLineString,
                        MultiLineString,
                        MultiLineString,
                        MultiLineString,
                        MultiLineString,
                        MultiLineString,
                        MultiLineString,
                        MultiLineString,
                        LineString,
                        MultiLineString,
                        MultiLineString,
                        MultiLineString,
                        MultiLineString,
                        MultiLineString,
                        MultiLineString,
                        MultiLineString,
                        LineString,
                        MultiLineString,
                        MultiLineString,
                        MultiLineString,
                        MultiLineString,
                        MultiLineString,
                        MultiLineString,
                        MultiLineString,
                        MultiLineString,
                        MultiLineString,
                        MultiLineString,
                        MultiLineString,
                        MultiLineString,
                        MultiLineString,
                        MultiLineString,
                        MultiLineString,
                        MultiLineString,
                        MultiLineString,
                        MultiLineString,
                        MultiLineString,
                        MultiLineString,
                        MultiLineString,
                        MultiLineString,
                        MultiLineString,
                        MultiLineString,
                        MultiLineString,
                        MultiLineString,
                        MultiLineString,
                        MultiLineString,
                        MultiLineString,
                        LineString,
                        MultiLineString,
                        MultiLineString,
                        MultiLineString,
                        MultiLineString,
                        MultiLineString,
                        MultiLineString,
                        MultiLineString,
                        MultiLineString,
                        MultiLineString,
                        MultiLineString,
                        MultiLineString,
                        MultiLineString,
                        MultiLineString,
                        LineString,
                        MultiLineString,
                        MultiLineString,
                        MultiLineString,
                        MultiLineString,
                        MultiLineString,
                        MultiLineString,
                        MultiLineString,
                        MultiLineString,
                        MultiLineString,
                        LineString,
                        MultiLineString,
                        MultiLineString,
                        MultiLineString,
                        MultiLineString,
                        MultiLineString,
                        MultiLineString,
                        MultiLineString,
                        MultiLineString,
                        MultiLineString,
                        MultiLineString,
                        LineString,
                        MultiLineString,
                        LineString,
                        MultiLineString,
                        MultiLineString,
                        MultiLineString,
                        MultiLineString,
                        MultiLineString,
                        MultiLineString,
                        MultiLineString,
                        MultiLineString,
                        MultiLineString,
                        MultiLineString,
                        MultiLineString,
                        MultiLineString,
                        MultiLineString,
                        MultiLineString,
                        MultiLineString,
                        MultiLineString,
                        MultiLineString,
                        MultiLineString,
                        MultiLineString,
                        MultiLineString,
                        MultiLineString,
                        MultiLineString,
                        MultiLineString,
                        MultiLineString,
                        MultiLineString,
                        MultiLineString,
                        MultiLineString,
                        MultiLineString,
                        MultiLineString,
                        MultiLineString,
                        MultiLineString,
                        MultiLineString,
                        MultiLineString,
                        LineString,
                        LineString,
                        LineString,
                        MultiLineString,
                        MultiLineString,
                        MultiLineString,
                        MultiLineString,
                        MultiLineString,
                        MultiLineString,
                        MultiLineString,
                        MultiLineString,
                        MultiLineString,
                        MultiLineString,
                        MultiLineString,
                        MultiLineString,
                        MultiLineString,
                        MultiLineString,
                        MultiLineString,
                        MultiLineString,
                        MultiLineString,
                        MultiLineString,
                        MultiLineString,
                        MultiLineString,
                        MultiLineString,
                    ],
                    geometry_offsets: [0,1,3,8,83,89,207,246, ...; 156],
                    part_offsets: [0,2,4,6,8,10,12,14, ...; 33123],
                    ring_offsets: None,
                    vertex_offsets: [27987,27986,27108,27106,27107,27103,16288,16289, ...; 78670],
                    index_buffer: None,
                    triangles: None,
                    vertices: [940,869,919,887,918,887,916,892, ...; 74166],
                },
            ),
            properties: [
                Decoded(
                    DecodedProperty {
                        name: "bkt",
                        values: I32(
                            [],
                        ),
                    },
                ),
                Decoded(
                    DecodedProperty {
                        name: "st-et",
                        values: Str(
                            [],
                        ),
                    },
                ),
            ],
        },
    ),
    Tag01(
        Layer01 {
            name: "island",
            extent: 4096,
            id: Decoded(
                DecodedId(
                    Some(
                        [
                            Some(
                                0,
                            ),
                        ],
                    ),
                ),
            ),
            geometry: Decoded(
                DecodedGeometry {
                    vector_types: [
                        Point,
                    ],
                    geometry_offsets: None,
                    part_offsets: None,
                    ring_offsets: None,
                    vertex_offsets: None,
                    index_buffer: None,
                    triangles: None,
                    vertices: [1880,132; 2],
                },
            ),
            properties: [
                Decoded(
                    DecodedProperty {
                        name: "bkt",
                        values: I32(
                            [],
                        ),
                    },
                ),
                Decoded(
                    DecodedProperty {
                        name: "gt",
                        values: Str(
                            [],
                        ),
                    },
                ),
                Decoded(
                    DecodedProperty {
                        name: "id",
                        values: Str(
                            [],
                        ),
                    },
                ),
                Decoded(
                    DecodedProperty {
                        name: "max-text-width",
                        values: F32(
                            [],
                        ),
                    },
                ),
                Decoded(
                    DecodedProperty {
                        name: "name",
                        values: Str(
                            [],
                        ),
                    },
                ),
                Decoded(
                    DecodedProperty {
                        name: "name-f",
                        values: F32(
                            [],
                        ),
                    },
                ),
            ],
        },
    ),
    Tag01(
        Layer01 {
            name: "land_cover_grass",
            extent: 4096,
            id: Decoded(
                DecodedId(
                    Some(
                        [
                            Some(
                                0,
                            ),
                        ],
                    ),
                ),
            ),
            geometry: Decoded(
                DecodedGeometry {
                    vector_types: [
                        MultiPolygon,
                    ],
                    geometry_offsets: [0,18; 2],
                    part_offsets: [0,1,2,3,4,12,13,14, ...; 19],
                    ring_offsets: [0,29,40,43,60,397,431,464, ...; 26],
                    vertex_offsets: None,
                    index_buffer: [27,28,0,0,1,2,4,5, ...; 2574],
                    triangles: [858; 1],
                    vertices: [2284,-41,2304,63,2257,54,2235,72, ...; 1784],
                },
            ),
            properties: [
                Decoded(
                    DecodedProperty {
                        name: "bkt",
                        values: I32(
                            [],
                        ),
                    },
                ),
            ],
        },
    ),
    Tag01(
        Layer01 {
            name: "reserve",
            extent: 4096,
            id: Decoded(
                DecodedId(
                    Some(
                        [
                            Some(
                                0,
                            ),
                        ],
                    ),
                ),
            ),
            geometry: Decoded(
                DecodedGeometry {
                    vector_types: [
                        MultiPolygon,
                    ],
                    geometry_offsets: [0,502; 2],
                    part_offsets: [0,1,2,3,4,5,6,7, ...; 503],
                    ring_offsets: [0,3,17,38,47,57,63,72, ...; 516],
                    vertex_offsets: None,
                    index_buffer: [1,2,0,15,16,3,4,5, ...; 18042],
                    triangles: [6014; 1],
                    vertices: [1010,1072,997,1085,989,1071,1093,1059, ...; 14146],
                },
            ),
            properties: [
                Decoded(
                    DecodedProperty {
                        name: "bkt",
                        values: I32(
                            [],
                        ),
                    },
                ),
            ],
        },
    ),
    Tag01(
        Layer01 {
            name: "water_pattern_area",
            extent: 4096,
            id: Decoded(
                DecodedId(
                    Some(
                        [
                            Some(
                                0,
                            ),
                        ],
                    ),
                ),
            ),
            geometry: Decoded(
                DecodedGeometry {
                    vector_types: [
                        Polygon,
                    ],
                    geometry_offsets: [0,1; 2],
                    part_offsets: [0,1; 2],
                    ring_offsets: [0,4; 2],
                    vertex_offsets: None,
                    index_buffer: [2,3,0,0,1,2; 6],
                    triangles: [2; 1],
                    vertices: [3711,2453,3692,2462,3686,2449,3699,2440; 8],
                },
            ),
            properties: [
                Decoded(
                    DecodedProperty {
                        name: "bkt",
                        values: I32(
                            [],
                        ),
                    },
                ),
                Decoded(
                    DecodedProperty {
                        name: "st-fill-pattern",
                        values: Str(
                            [],
                        ),
                    },
                ),
            ],
        },
    ),
    Tag01(
        Layer01 {
            name: "country_region",
            extent: 4096,
            id: Decoded(
                DecodedId(
                    Some(
                        [
                            Some(
                                0,
                            ),
                            Some(
                                0,
                            ),
                            Some(
                                0,
                            ),
                            Some(
                                0,
                            ),
                            Some(
                                0,
                            ),
                            Some(
                                0,
                            ),
                            Some(
                                0,
                            ),
                            Some(
                                0,
                            ),
                            Some(
                                0,
                            ),
                            Some(
                                0,
                            ),
                            Some(
                                0,
                            ),
                            Some(
                                0,
                            ),
                            Some(
                                0,
                            ),
                            Some(
                                0,
                            ),
                            Some(
                                0,
                            ),
                            Some(
                                0,
                            ),
                            Some(
                                0,
                            ),
                            Some(
                                0,
                            ),
                            Some(
                                0,
                            ),
                            Some(
                                0,
                            ),
                            Some(
                                0,
                            ),
                            Some(
                                0,
                            ),
                            Some(
                                0,
                            ),
                            Some(
                                0,
                            ),
                            Some(
                                0,
                            ),
                        ],
                    ),
                ),
            ),
            geometry: Decoded(
                DecodedGeometry {
                    vector_types: [
                        MultiLineString,
                        MultiLineString,
                        Point,
                        Point,
                        Point,
                        Point,
                        Point,
                        Point,
                        Point,
                        Point,
                        Point,
                        Point,
                        Point,
                        Point,
                        Point,
                        Point,
                        Point,
                        Point,
                        Point,
                        Point,
                        Point,
                        Point,
                        Point,
                        Point,
                        Point,
                    ],
                    geometry_offsets: [0,6,92,93,94,95,96,97, ...; 26],
                    part_offsets: [0,4,6,26,35,39,67,123, ...; 116],
                    ring_offsets: None,
                    vertex_offsets: None,
                    index_buffer: None,
                    triangles: None,
                    vertices: [3438,2855,3435,2862,3441,2870,3432,2872, ...; 4240],
                },
            ),
            properties: [
                Decoded(
                    DecodedProperty {
                        name: "bkt",
                        values: I32(
                            [],
                        ),
                    },
                ),
                Decoded(
                    DecodedProperty {
                        name: "clk-as",
                        values: Str(
                            [],
                        ),
                    },
                ),
                Decoded(
                    DecodedProperty {
                        name: "gt",
                        values: Str(
                            [],
                        ),
                    },
                ),
                Decoded(
                    DecodedProperty {
                        name: "id",
                        values: Str(
                            [],
                        ),
                    },
                ),
                Decoded(
                    DecodedProperty {
                        name: "label-importance",
                        values: I32(
                            [],
                        ),
                    },
                ),
                Decoded(
                    DecodedProperty {
                        name: "max-text-width",
                        values: F32(
                            [],
                        ),
                    },
                ),
                Decoded(
                    DecodedProperty {
                        name: "name",
                        values: Str(
                            [],
                        ),
                    },
                ),
                Decoded(
                    DecodedProperty {
                        name: "name-f",
                        values: F32(
                            [],
                        ),
                    },
                ),
            ],
        },
    ),
    Tag01(
        Layer01 {
            name: "land_cover_forest",
            extent: 4096,
            id: Decoded(
                DecodedId(
                    Some(
                        [
                            Some(
                                0,
                            ),
                        ],
                    ),
                ),
            ),
            geometry: Decoded(
                DecodedGeometry {
                    vector_types: [
                        MultiPolygon,
                    ],
                    geometry_offsets: [0,22; 2],
                    part_offsets: [0,1,5,6,7,12,13,14, ...; 23],
                    ring_offsets: [0,27,504,542,563,610,626,657, ...; 30],
                    vertex_offsets: None,
                    index_buffer: [25,26,0,0,1,2,3,4, ...; 4575],
                    triangles: [1525; 1],
                    vertices: [329,1784,320,1833,293,1842,303,1897, ...; 3110],
                },
            ),
            properties: [
                Decoded(
                    DecodedProperty {
                        name: "bkt",
                        values: I32(
                            [],
                        ),
                    },
                ),
            ],
        },
    ),
    Tag01(
        Layer01 {
            name: "vector_background",
            extent: 4096,
            id: Decoded(
                DecodedId(
                    Some(
                        [
                            Some(
                                0,
                            ),
                        ],
                    ),
                ),
            ),
            geometry: Decoded(
                DecodedGeometry {
                    vector_types: [
                        Polygon,
                    ],
                    geometry_offsets: [0,1; 2],
                    part_offsets: [0,1; 2],
                    ring_offsets: [0,4; 2],
                    vertex_offsets: None,
                    index_buffer: [2,3,0,0,1,2; 6],
                    triangles: [2; 1],
                    vertices: [0,0,4096,0,4096,4096,0,4096; 8],
                },
            ),
            properties: [],
        },
    ),
    Tag01(
        Layer01 {
            name: "populated_place",
            extent: 4096,
            id: Decoded(
                DecodedId(
                    Some(
                        [
                            Some(
                                0,
                            ),
                            Some(
                                0,
                            ),
                            Some(
                                0,
                            ),
                            Some(
                                0,
                            ),
                            Some(
                                0,
                            ),
                            Some(
                                0,
                            ),
                            Some(
                                0,
                            ),
                            Some(
                                0,
                            ),
                            Some(
                                0,
                            ),
                            Some(
                                0,
                            ),
                            Some(
                                0,
                            ),
                            Some(
                                0,
                            ),
                            Some(
                                0,
                            ),
                            Some(
                                0,
                            ),
                            Some(
                                0,
                            ),
                            Some(
                                0,
                            ),
                            Some(
                                0,
                            ),
                            Some(
                                0,
                            ),
                            Some(
                                0,
                            ),
                            Some(
                                0,
                            ),
                            Some(
                                0,
                            ),
                            Some(
                                0,
                            ),
                            Some(
                                0,
                            ),
                            Some(
                                0,
                            ),
                            Some(
                                0,
                            ),
                            Some(
                                0,
                            ),
                            Some(
                                0,
                            ),
                            Some(
                                0,
                            ),
                        ],
                    ),
                ),
            ),
            geometry: Decoded(
                DecodedGeometry {
                    vector_types: [
                        Point,
                        Point,
                        Point,
                        Point,
                        Point,
                        Point,
                        Point,
                        Point,
                        Point,
                        Point,
                        Point,
                        Point,
                        Point,
                        Point,
                        Point,
                        Point,
                        Point,
                        Point,
                        Point,
                        Point,
                        Point,
                        Point,
                        Point,
                        Point,
                        Point,
                        Point,
                        Point,
                        Point,
                    ],
                    geometry_offsets: None,
                    part_offsets: None,
                    ring_offsets: None,
                    vertex_offsets: None,
                    index_buffer: None,
                    triangles: None,
                    vertices: [2292,28,892,1060,-20,1316,428,2068, ...; 56],
                },
            ),
            properties: [
                Decoded(
                    DecodedProperty {
                        name: "bkt",
                        values: I32(
                            [],
                        ),
                    },
                ),
                Decoded(
                    DecodedProperty {
                        name: "clk-as",
                        values: Str(
                            [],
                        ),
                    },
                ),
                Decoded(
                    DecodedProperty {
                        name: "has-icon",
                        values: Bool(
                            [],
                        ),
                    },
                ),
                Decoded(
                    DecodedProperty {
                        name: "id",
                        values: Str(
                            [],
                        ),
                    },
                ),
                Decoded(
                    DecodedProperty {
                        name: "label-importance",
                        values: I32(
                            [],
                        ),
                    },
                ),
                Decoded(
                    DecodedProperty {
                        name: "max-text-width",
                        values: F32(
                            [],
                        ),
                    },
                ),
                Decoded(
                    DecodedProperty {
                        name: "name",
                        values: Str(
                            [],
                        ),
                    },
                ),
                Decoded(
                    DecodedProperty {
                        name: "name-f",
                        values: F32(
                            [],
                        ),
                    },
                ),
                Decoded(
                    DecodedProperty {
                        name: "st-tag",
                        values: Str(
                            [],
                        ),
                    },
                ),
            ],
        },
    ),
    Tag01(
        Layer01 {
            name: "autorail",
            extent: 4096,
            id: Decoded(
                DecodedId(
                    Some(
                        [
                            Some(
                                0,
                            ),
                            Some(
                                0,
                            ),
                            Some(
                                0,
                            ),
                        ],
                    ),
                ),
            ),
            geometry: Decoded(
                DecodedGeometry {
                    vector_types: [
                        MultiLineString,
                        MultiLineString,
                        MultiLineString,
                    ],
                    geometry_offsets: [0,5,12,16; 4],
                    part_offsets: [0,2,4,6,8,10,16,18, ...; 17],
                    ring_offsets: None,
                    vertex_offsets: [1,0,1,3,14,10,13,14, ...; 39],
                    index_buffer: None,
                    triangles: None,
                    vertices: [330,1481,326,1484,321,1480,324,1482, ...; 34],
                },
            ),
            properties: [
                Decoded(
                    DecodedProperty {
                        name: "bkt",
                        values: I32(
                            [],
                        ),
                    },
                ),
            ],
        },
    ),
]
