---
source: mlt-nom/tests/snapshots.rs
---
[
    Tag01(
        Layer01 {
            name: "landcover",
            extent: 4096,
            id: DecodeError(
                "not implemented: decode 32 bit Id from stream",
            ),
            geometry: DecodeError(
                "not implemented: geometry_offsets with part_offsets and ring_offsets case is not implemented",
            ),
            properties: [
                Decoded(
                    DecodedProperty {
                        name: "class",
                        values: Str(
                            [],
                        ),
                    },
                ),
                Decoded(
                    DecodedProperty {
                        name: "subclass",
                        values: Str(
                            [],
                        ),
                    },
                ),
            ],
        },
    ),
    Tag01(
        Layer01 {
            name: "aerodrome_label",
            extent: 4096,
            id: DecodeError(
                "not implemented: decode 64 bit LongId from stream",
            ),
            geometry: Decoded(
                DecodedGeometry {
                    vector_types: [
                        Point,
                        Point,
                        Point,
                        Point,
                    ],
                    geometry_offsets: None,
                    part_offsets: None,
                    ring_offsets: None,
                    vertex_offsets: None,
                    index_buffer: None,
                    triangles: None,
                    vertices: [-536,3269,2990,1068,4557,3657,1530,3539; 8],
                },
            ),
            properties: [
                Decoded(
                    DecodedProperty {
                        name: "class",
                        values: Str(
                            [],
                        ),
                    },
                ),
                Decoded(
                    DecodedProperty {
                        name: "name",
                        values: Str(
                            [],
                        ),
                    },
                ),
                Decoded(
                    DecodedProperty {
                        name: "name:latin",
                        values: Str(
                            [],
                        ),
                    },
                ),
                Decoded(
                    DecodedProperty {
                        name: "name_de",
                        values: Str(
                            [],
                        ),
                    },
                ),
                Decoded(
                    DecodedProperty {
                        name: "name_en",
                        values: Str(
                            [],
                        ),
                    },
                ),
                Decoded(
                    DecodedProperty {
                        name: "name_int",
                        values: Str(
                            [],
                        ),
                    },
                ),
                Decoded(
                    DecodedProperty {
                        name: "icao",
                        values: Str(
                            [],
                        ),
                    },
                ),
                Decoded(
                    DecodedProperty {
                        name: "ele",
                        values: I32(
                            [],
                        ),
                    },
                ),
                Decoded(
                    DecodedProperty {
                        name: "ele_ft",
                        values: I32(
                            [],
                        ),
                    },
                ),
                Decoded(
                    DecodedProperty {
                        name: "iata",
                        values: Str(
                            [],
                        ),
                    },
                ),
            ],
        },
    ),
    Tag01(
        Layer01 {
            name: "waterway",
            extent: 4096,
            id: DecodeError(
                "not implemented: decode 32 bit Id from stream",
            ),
            geometry: Decoded(
                DecodedGeometry {
                    vector_types: [
                        LineString,
                        LineString,
                        LineString,
                        LineString,
                    ],
                    geometry_offsets: None,
                    part_offsets: [0,12,130,137,180; 5],
                    ring_offsets: None,
                    vertex_offsets: None,
                    index_buffer: None,
                    triangles: None,
                    vertices: [2028,400,2075,402,2149,433,2181,434, ...; 360],
                },
            ),
            properties: [
                Decoded(
                    DecodedProperty {
                        name: "class",
                        values: Str(
                            [],
                        ),
                    },
                ),
                Decoded(
                    DecodedProperty {
                        name: "name",
                        values: Str(
                            [],
                        ),
                    },
                ),
                Decoded(
                    DecodedProperty {
                        name: "name_de",
                        values: Str(
                            [],
                        ),
                    },
                ),
                Decoded(
                    DecodedProperty {
                        name: "name_en",
                        values: Str(
                            [],
                        ),
                    },
                ),
            ],
        },
    ),
    Tag01(
        Layer01 {
            name: "landuse",
            extent: 4096,
            id: DecodeError(
                "not implemented: decode 32 bit Id from stream",
            ),
            geometry: DecodeError(
                "not implemented: geometry_offsets with part_offsets and ring_offsets case is not implemented",
            ),
            properties: [
                Decoded(
                    DecodedProperty {
                        name: "class",
                        values: Str(
                            [],
                        ),
                    },
                ),
            ],
        },
    ),
    Tag01(
        Layer01 {
            name: "mountain_peak",
            extent: 4096,
            id: DecodeError(
                "not implemented: decode 64 bit LongId from stream",
            ),
            geometry: Decoded(
                DecodedGeometry {
                    vector_types: [
                        Point,
                        Point,
                        Point,
                        Point,
                        Point,
                        Point,
                        Point,
                        Point,
                        Point,
                        Point,
                        Point,
                        Point,
                        Point,
                        Point,
                        Point,
                        Point,
                        Point,
                        Point,
                        Point,
                        Point,
                        Point,
                        Point,
                        Point,
                        Point,
                        Point,
                        Point,
                        Point,
                        Point,
                    ],
                    geometry_offsets: None,
                    part_offsets: None,
                    ring_offsets: None,
                    vertex_offsets: None,
                    index_buffer: None,
                    triangles: None,
                    vertices: [-462,5051,-448,969,-193,4358,436,2913, ...; 56],
                },
            ),
            properties: [
                Decoded(
                    DecodedProperty {
                        name: "class",
                        values: Str(
                            [],
                        ),
                    },
                ),
                Decoded(
                    DecodedProperty {
                        name: "ele",
                        values: I32(
                            [],
                        ),
                    },
                ),
                Decoded(
                    DecodedProperty {
                        name: "ele_ft",
                        values: I32(
                            [],
                        ),
                    },
                ),
                Decoded(
                    DecodedProperty {
                        name: "name",
                        values: Str(
                            [],
                        ),
                    },
                ),
                Decoded(
                    DecodedProperty {
                        name: "name:latin",
                        values: Str(
                            [],
                        ),
                    },
                ),
                Decoded(
                    DecodedProperty {
                        name: "name_de",
                        values: Str(
                            [],
                        ),
                    },
                ),
                Decoded(
                    DecodedProperty {
                        name: "name_en",
                        values: Str(
                            [],
                        ),
                    },
                ),
                Decoded(
                    DecodedProperty {
                        name: "name_int",
                        values: Str(
                            [],
                        ),
                    },
                ),
                Decoded(
                    DecodedProperty {
                        name: "rank",
                        values: I32(
                            [],
                        ),
                    },
                ),
            ],
        },
    ),
    Tag01(
        Layer01 {
            name: "place",
            extent: 4096,
            id: DecodeError(
                "not implemented: decode 64 bit LongId from stream",
            ),
            geometry: Decoded(
                DecodedGeometry {
                    vector_types: [
                        Point,
                        Point,
                        Point,
                        Point,
                        Point,
                        Point,
                        Point,
                        Point,
                        Point,
                        Point,
                        Point,
                        Point,
                        Point,
                        Point,
                        Point,
                        Point,
                        Point,
                        Point,
                        Point,
                        Point,
                        Point,
                        Point,
                        Point,
                        Point,
                        Point,
                        Point,
                        Point,
                        Point,
                        Point,
                        Point,
                        Point,
                        Point,
                        Point,
                        Point,
                        Point,
                        Point,
                        Point,
                        Point,
                        Point,
                        Point,
                        Point,
                        Point,
                        Point,
                        Point,
                        Point,
                        Point,
                        Point,
                        Point,
                        Point,
                        Point,
                        Point,
                        Point,
                        Point,
                        Point,
                        Point,
                        Point,
                        Point,
                        Point,
                        Point,
                        Point,
                        Point,
                        Point,
                        Point,
                        Point,
                        Point,
                        Point,
                        Point,
                        Point,
                        Point,
                        Point,
                        Point,
                        Point,
                        Point,
                        Point,
                        Point,
                        Point,
                        Point,
                        Point,
                        Point,
                        Point,
                        Point,
                        Point,
                        Point,
                        Point,
                        Point,
                        Point,
                        Point,
                        Point,
                        Point,
                        Point,
                        Point,
                        Point,
                        Point,
                        Point,
                        Point,
                        Point,
                        Point,
                        Point,
                        Point,
                        Point,
                        Point,
                        Point,
                        Point,
                        Point,
                        Point,
                        Point,
                        Point,
                        Point,
                        Point,
                        Point,
                        Point,
                        Point,
                        Point,
                        Point,
                        Point,
                        Point,
                        Point,
                        Point,
                        Point,
                        Point,
                        Point,
                        Point,
                        Point,
                        Point,
                        Point,
                        Point,
                        Point,
                        Point,
                        Point,
                        Point,
                        Point,
                        Point,
                        Point,
                        Point,
                        Point,
                        Point,
                        Point,
                        Point,
                        Point,
                        Point,
                        Point,
                        Point,
                        Point,
                        Point,
                        Point,
                        Point,
                        Point,
                    ],
                    geometry_offsets: None,
                    part_offsets: None,
                    ring_offsets: None,
                    vertex_offsets: None,
                    index_buffer: None,
                    triangles: None,
                    vertices: [7236,-1114,6920,-2393,-180,7089,-3165,7523, ...; 294],
                },
            ),
            properties: [
                Decoded(
                    DecodedProperty {
                        name: "class",
                        values: Str(
                            [],
                        ),
                    },
                ),
                Decoded(
                    DecodedProperty {
                        name: "name",
                        values: Str(
                            [],
                        ),
                    },
                ),
                Decoded(
                    DecodedProperty {
                        name: "name:latin",
                        values: Str(
                            [],
                        ),
                    },
                ),
                Decoded(
                    DecodedProperty {
                        name: "name_de",
                        values: Str(
                            [],
                        ),
                    },
                ),
                Decoded(
                    DecodedProperty {
                        name: "name_en",
                        values: Str(
                            [],
                        ),
                    },
                ),
                Decoded(
                    DecodedProperty {
                        name: "name_int",
                        values: Str(
                            [],
                        ),
                    },
                ),
                Decoded(
                    DecodedProperty {
                        name: "rank",
                        values: I32(
                            [],
                        ),
                    },
                ),
                Decoded(
                    DecodedProperty {
                        name: "name:ar",
                        values: Str(
                            [],
                        ),
                    },
                ),
                Decoded(
                    DecodedProperty {
                        name: "name:be",
                        values: Str(
                            [],
                        ),
                    },
                ),
                Decoded(
                    DecodedProperty {
                        name: "name:bg",
                        values: Str(
                            [],
                        ),
                    },
                ),
                Decoded(
                    DecodedProperty {
                        name: "name:de",
                        values: Str(
                            [],
                        ),
                    },
                ),
                Decoded(
                    DecodedProperty {
                        name: "name:el",
                        values: Str(
                            [],
                        ),
                    },
                ),
                Decoded(
                    DecodedProperty {
                        name: "name:fy",
                        values: Str(
                            [],
                        ),
                    },
                ),
                Decoded(
                    DecodedProperty {
                        name: "name:he",
                        values: Str(
                            [],
                        ),
                    },
                ),
                Decoded(
                    DecodedProperty {
                        name: "name:ja",
                        values: Str(
                            [],
                        ),
                    },
                ),
                Decoded(
                    DecodedProperty {
                        name: "name:ka",
                        values: Str(
                            [],
                        ),
                    },
                ),
                Decoded(
                    DecodedProperty {
                        name: "name:kk",
                        values: Str(
                            [],
                        ),
                    },
                ),
                Decoded(
                    DecodedProperty {
                        name: "name:ko",
                        values: Str(
                            [],
                        ),
                    },
                ),
                Decoded(
                    DecodedProperty {
                        name: "name:la",
                        values: Str(
                            [],
                        ),
                    },
                ),
                Decoded(
                    DecodedProperty {
                        name: "name:lt",
                        values: Str(
                            [],
                        ),
                    },
                ),
                Decoded(
                    DecodedProperty {
                        name: "name:lv",
                        values: Str(
                            [],
                        ),
                    },
                ),
                Decoded(
                    DecodedProperty {
                        name: "name:mk",
                        values: Str(
                            [],
                        ),
                    },
                ),
                Decoded(
                    DecodedProperty {
                        name: "name:nl",
                        values: Str(
                            [],
                        ),
                    },
                ),
                Decoded(
                    DecodedProperty {
                        name: "name:ru",
                        values: Str(
                            [],
                        ),
                    },
                ),
                Decoded(
                    DecodedProperty {
                        name: "name:sr",
                        values: Str(
                            [],
                        ),
                    },
                ),
                Decoded(
                    DecodedProperty {
                        name: "name:uk",
                        values: Str(
                            [],
                        ),
                    },
                ),
                Decoded(
                    DecodedProperty {
                        name: "name:zh",
                        values: Str(
                            [],
                        ),
                    },
                ),
                Decoded(
                    DecodedProperty {
                        name: "name:hu",
                        values: Str(
                            [],
                        ),
                    },
                ),
                Decoded(
                    DecodedProperty {
                        name: "name:th",
                        values: Str(
                            [],
                        ),
                    },
                ),
                Decoded(
                    DecodedProperty {
                        name: "name:fr",
                        values: Str(
                            [],
                        ),
                    },
                ),
                Decoded(
                    DecodedProperty {
                        name: "name:br",
                        values: Str(
                            [],
                        ),
                    },
                ),
                Decoded(
                    DecodedProperty {
                        name: "name:en",
                        values: Str(
                            [],
                        ),
                    },
                ),
            ],
        },
    ),
    Tag01(
        Layer01 {
            name: "water",
            extent: 4096,
            id: DecodeError(
                "not implemented: decode 32 bit Id from stream",
            ),
            geometry: DecodeError(
                "not implemented: geometry_offsets with part_offsets and ring_offsets case is not implemented",
            ),
            properties: [
                Decoded(
                    DecodedProperty {
                        name: "class",
                        values: Str(
                            [],
                        ),
                    },
                ),
                Decoded(
                    DecodedProperty {
                        name: "intermittent",
                        values: I32(
                            [],
                        ),
                    },
                ),
            ],
        },
    ),
    Tag01(
        Layer01 {
            name: "transportation_name",
            extent: 4096,
            id: DecodeError(
                "not implemented: decode 32 bit Id from stream",
            ),
            geometry: Decoded(
                DecodedGeometry {
                    vector_types: [
                        LineString,
                        LineString,
                    ],
                    geometry_offsets: None,
                    part_offsets: [0,6,11; 3],
                    ring_offsets: None,
                    vertex_offsets: None,
                    index_buffer: None,
                    triangles: None,
                    vertices: [8,3672,10,3723,45,3919,51,4002, ...; 22],
                },
            ),
            properties: [
                Decoded(
                    DecodedProperty {
                        name: "class",
                        values: Str(
                            [],
                        ),
                    },
                ),
                Decoded(
                    DecodedProperty {
                        name: "network",
                        values: Str(
                            [],
                        ),
                    },
                ),
                Decoded(
                    DecodedProperty {
                        name: "ref",
                        values: Str(
                            [],
                        ),
                    },
                ),
                Decoded(
                    DecodedProperty {
                        name: "ref_length",
                        values: I32(
                            [],
                        ),
                    },
                ),
            ],
        },
    ),
    Tag01(
        Layer01 {
            name: "park",
            extent: 4096,
            id: DecodeError(
                "not implemented: decode 32 bit Id from stream",
            ),
            geometry: DecodeError(
                "not implemented: geometry_offsets with part_offsets and ring_offsets case is not implemented",
            ),
            properties: [
                Decoded(
                    DecodedProperty {
                        name: "class",
                        values: Str(
                            [],
                        ),
                    },
                ),
                Decoded(
                    DecodedProperty {
                        name: "name",
                        values: Str(
                            [],
                        ),
                    },
                ),
                Decoded(
                    DecodedProperty {
                        name: "name:latin",
                        values: Str(
                            [],
                        ),
                    },
                ),
                Decoded(
                    DecodedProperty {
                        name: "name_de",
                        values: Str(
                            [],
                        ),
                    },
                ),
                Decoded(
                    DecodedProperty {
                        name: "name_en",
                        values: Str(
                            [],
                        ),
                    },
                ),
                Decoded(
                    DecodedProperty {
                        name: "name_int",
                        values: Str(
                            [],
                        ),
                    },
                ),
            ],
        },
    ),
    Tag01(
        Layer01 {
            name: "aeroway",
            extent: 4096,
            id: DecodeError(
                "not implemented: decode 32 bit Id from stream",
            ),
            geometry: DecodeError(
                "not implemented: part_offsets with ring_offsets case is not implemented",
            ),
            properties: [
                Decoded(
                    DecodedProperty {
                        name: "class",
                        values: Str(
                            [],
                        ),
                    },
                ),
                Decoded(
                    DecodedProperty {
                        name: "ref",
                        values: Str(
                            [],
                        ),
                    },
                ),
            ],
        },
    ),
    Tag01(
        Layer01 {
            name: "transportation",
            extent: 4096,
            id: DecodeError(
                "not implemented: decode 32 bit Id from stream",
            ),
            geometry: Decoded(
                DecodedGeometry {
                    vector_types: [
                        LineString,
                        LineString,
                        LineString,
                        LineString,
                        LineString,
                        LineString,
                        LineString,
                        LineString,
                        LineString,
                        LineString,
                        LineString,
                        LineString,
                        LineString,
                        LineString,
                        LineString,
                        LineString,
                        LineString,
                        LineString,
                        LineString,
                        LineString,
                        LineString,
                        LineString,
                        LineString,
                        LineString,
                        LineString,
                        LineString,
                        LineString,
                        LineString,
                        LineString,
                        LineString,
                        LineString,
                        LineString,
                        LineString,
                        LineString,
                        LineString,
                        LineString,
                        LineString,
                        LineString,
                        LineString,
                        LineString,
                        LineString,
                        LineString,
                        LineString,
                        LineString,
                        LineString,
                        LineString,
                        LineString,
                        LineString,
                        LineString,
                        LineString,
                        LineString,
                        LineString,
                        LineString,
                        LineString,
                        LineString,
                        LineString,
                        LineString,
                        LineString,
                        LineString,
                        LineString,
                        LineString,
                        LineString,
                        LineString,
                        LineString,
                        LineString,
                        LineString,
                        LineString,
                        LineString,
                        LineString,
                        LineString,
                        LineString,
                        LineString,
                        LineString,
                        LineString,
                        LineString,
                        LineString,
                        LineString,
                        LineString,
                        LineString,
                        LineString,
                        LineString,
                        LineString,
                        LineString,
                        LineString,
                        LineString,
                        LineString,
                        LineString,
                        LineString,
                        LineString,
                        LineString,
                        LineString,
                        LineString,
                        LineString,
                        LineString,
                        LineString,
                        LineString,
                        LineString,
                        LineString,
                        LineString,
                        LineString,
                        LineString,
                        LineString,
                        LineString,
                        LineString,
                        LineString,
                        LineString,
                        LineString,
                        LineString,
                        LineString,
                        LineString,
                        LineString,
                        LineString,
                        LineString,
                        LineString,
                        LineString,
                        LineString,
                        LineString,
                        LineString,
                        LineString,
                        LineString,
                        LineString,
                        LineString,
                        LineString,
                        LineString,
                        LineString,
                        LineString,
                        LineString,
                        LineString,
                        LineString,
                        LineString,
                        LineString,
                        LineString,
                        LineString,
                        LineString,
                        LineString,
                        LineString,
                        LineString,
                        LineString,
                        LineString,
                        LineString,
                        LineString,
                        LineString,
                        LineString,
                        LineString,
                        LineString,
                        LineString,
                        LineString,
                        LineString,
                        LineString,
                        LineString,
                        LineString,
                        LineString,
                        LineString,
                        LineString,
                        LineString,
                        LineString,
                        LineString,
                        LineString,
                        LineString,
                        LineString,
                        LineString,
                        LineString,
                        LineString,
                        LineString,
                        LineString,
                        LineString,
                        LineString,
                        LineString,
                        LineString,
                        LineString,
                        LineString,
                        LineString,
                        LineString,
                        LineString,
                        LineString,
                        LineString,
                        LineString,
                        LineString,
                        LineString,
                        LineString,
                        LineString,
                        LineString,
                        LineString,
                        LineString,
                        LineString,
                        LineString,
                        LineString,
                        LineString,
                        LineString,
                        LineString,
                        LineString,
                        LineString,
                        LineString,
                        LineString,
                        LineString,
                        LineString,
                        LineString,
                        LineString,
                        LineString,
                        LineString,
                        LineString,
                        LineString,
                        LineString,
                        LineString,
                        LineString,
                        LineString,
                        LineString,
                        LineString,
                        LineString,
                        LineString,
                        LineString,
                        LineString,
                        LineString,
                        LineString,
                        LineString,
                        LineString,
                        LineString,
                        LineString,
                        LineString,
                        LineString,
                        LineString,
                        LineString,
                        LineString,
                        LineString,
                        LineString,
                        LineString,
                        LineString,
                        LineString,
                        LineString,
                        LineString,
                        LineString,
                        LineString,
                        LineString,
                        LineString,
                        LineString,
                        LineString,
                        LineString,
                        LineString,
                        LineString,
                        LineString,
                        LineString,
                        LineString,
                        LineString,
                        LineString,
                        LineString,
                        LineString,
                        LineString,
                        LineString,
                        LineString,
                        LineString,
                        LineString,
                        LineString,
                        LineString,
                        LineString,
                        LineString,
                        LineString,
                        LineString,
                        LineString,
                        LineString,
                        LineString,
                        LineString,
                        LineString,
                        LineString,
                        LineString,
                        LineString,
                        LineString,
                        LineString,
                        LineString,
                        LineString,
                        LineString,
                        LineString,
                        LineString,
                        LineString,
                        LineString,
                        LineString,
                        LineString,
                        LineString,
                        LineString,
                        LineString,
                        LineString,
                        LineString,
                        LineString,
                        LineString,
                        LineString,
                        LineString,
                        LineString,
                        LineString,
                        LineString,
                        LineString,
                        LineString,
                        LineString,
                        LineString,
                        LineString,
                        LineString,
                        LineString,
                        LineString,
                        LineString,
                        LineString,
                        LineString,
                        LineString,
                        LineString,
                        LineString,
                        LineString,
                        LineString,
                        LineString,
                        LineString,
                        LineString,
                        LineString,
                        LineString,
                        LineString,
                        LineString,
                        LineString,
                        LineString,
                        LineString,
                        LineString,
                        LineString,
                        LineString,
                        LineString,
                        LineString,
                        LineString,
                        LineString,
                        LineString,
                        LineString,
                        LineString,
                        LineString,
                        LineString,
                        LineString,
                        LineString,
                        LineString,
                        LineString,
                        LineString,
                        LineString,
                        LineString,
                        LineString,
                        LineString,
                        LineString,
                        LineString,
                        LineString,
                        LineString,
                        LineString,
                        LineString,
                        LineString,
                        LineString,
                        LineString,
                        LineString,
                        LineString,
                        LineString,
                        LineString,
                        LineString,
                        LineString,
                        LineString,
                        LineString,
                        LineString,
                        LineString,
                        LineString,
                        LineString,
                        LineString,
                        LineString,
                        LineString,
                        LineString,
                        LineString,
                        LineString,
                        LineString,
                        LineString,
                        LineString,
                        LineString,
                        LineString,
                        LineString,
                        LineString,
                        LineString,
                        LineString,
                        LineString,
                        LineString,
                        LineString,
                        LineString,
                        LineString,
                        LineString,
                        LineString,
                        LineString,
                        LineString,
                        LineString,
                        LineString,
                        LineString,
                        LineString,
                        LineString,
                        LineString,
                        LineString,
                        LineString,
                        LineString,
                        LineString,
                        LineString,
                        LineString,
                        LineString,
                        LineString,
                        LineString,
                        LineString,
                        LineString,
                        LineString,
                        LineString,
                        LineString,
                        LineString,
                        LineString,
                        LineString,
                        LineString,
                        LineString,
                        LineString,
                        LineString,
                        LineString,
                        LineString,
                        LineString,
                        LineString,
                        LineString,
                        LineString,
                        LineString,
                        LineString,
                        LineString,
                        LineString,
                        LineString,
                        LineString,
                        LineString,
                        LineString,
                        LineString,
                        LineString,
                        LineString,
                        LineString,
                        LineString,
                        LineString,
                        LineString,
                        LineString,
                        LineString,
                        LineString,
                        LineString,
                        LineString,
                        LineString,
                        LineString,
                        LineString,
                        LineString,
                        LineString,
                        LineString,
                        LineString,
                        LineString,
                        LineString,
                        LineString,
                        LineString,
                        LineString,
                        LineString,
                        LineString,
                        LineString,
                        LineString,
                        LineString,
                        LineString,
                        LineString,
                        LineString,
                        LineString,
                        LineString,
                        LineString,
                        LineString,
                        LineString,
                        LineString,
                        LineString,
                        LineString,
                        LineString,
                        LineString,
                        LineString,
                        LineString,
                        LineString,
                        LineString,
                        LineString,
                        LineString,
                        LineString,
                        LineString,
                        LineString,
                        LineString,
                        LineString,
                        LineString,
                        LineString,
                        LineString,
                        LineString,
                        LineString,
                        LineString,
                        LineString,
                        LineString,
                        LineString,
                        LineString,
                        LineString,
                        LineString,
                        LineString,
                        LineString,
                        LineString,
                        LineString,
                        LineString,
                        LineString,
                        LineString,
                        LineString,
                        LineString,
                        LineString,
                        LineString,
                        LineString,
                        LineString,
                        LineString,
                        LineString,
                        LineString,
                        LineString,
                        LineString,
                        LineString,
                        LineString,
                        LineString,
                        LineString,
                        LineString,
                        LineString,
                        LineString,
                        LineString,
                        LineString,
                        LineString,
                        LineString,
                        LineString,
                        LineString,
                        LineString,
                        LineString,
                        LineString,
                        LineString,
                        LineString,
                        LineString,
                        LineString,
                        LineString,
                        LineString,
                        LineString,
                        LineString,
                        LineString,
                        LineString,
                        LineString,
                        LineString,
                        LineString,
                        LineString,
                        LineString,
                        LineString,
                        LineString,
                        LineString,
                        LineString,
                        LineString,
                        LineString,
                        LineString,
                        LineString,
                        LineString,
                        LineString,
                        LineString,
                        LineString,
                        LineString,
                        LineString,
                        LineString,
                        LineString,
                        LineString,
                        LineString,
                        LineString,
                        LineString,
                        LineString,
                        LineString,
                        LineString,
                        LineString,
                        LineString,
                        LineString,
                        LineString,
                        LineString,
                        LineString,
                        LineString,
                        LineString,
                        LineString,
                        LineString,
                        LineString,
                        LineString,
                        LineString,
                        LineString,
                        LineString,
                        LineString,
                        LineString,
                        LineString,
                        LineString,
                        LineString,
                        LineString,
                        LineString,
                        LineString,
                        LineString,
                        LineString,
                        LineString,
                        LineString,
                        LineString,
                        LineString,
                        LineString,
                        LineString,
                        LineString,
                        LineString,
                        LineString,
                        LineString,
                        LineString,
                        LineString,
                        LineString,
                        LineString,
                        LineString,
                        LineString,
                        LineString,
                        LineString,
                        LineString,
                        LineString,
                        LineString,
                        LineString,
                        LineString,
                        LineString,
                        LineString,
                        LineString,
                        LineString,
                        LineString,
                        LineString,
                        LineString,
                        LineString,
                        LineString,
                        LineString,
                        LineString,
                        LineString,
                        LineString,
                        LineString,
                        LineString,
                        LineString,
                        LineString,
                        LineString,
                        LineString,
                        LineString,
                        LineString,
                        LineString,
                        LineString,
                        LineString,
                        LineString,
                        LineString,
                        LineString,
                        LineString,
                        LineString,
                        LineString,
                        LineString,
                        LineString,
                        LineString,
                        LineString,
                        LineString,
                        LineString,
                        LineString,
                        LineString,
                        LineString,
                        LineString,
                        LineString,
                        LineString,
                        LineString,
                        LineString,
                        LineString,
                        LineString,
                        LineString,
                        LineString,
                        LineString,
                        LineString,
                        LineString,
                        LineString,
                        LineString,
                        LineString,
                        LineString,
                        LineString,
                        LineString,
                        LineString,
                        LineString,
                        LineString,
                        LineString,
                        LineString,
                        LineString,
                        LineString,
                        LineString,
                        LineString,
                        LineString,
                        LineString,
                        LineString,
                        LineString,
                        LineString,
                        LineString,
                        LineString,
                        LineString,
                        LineString,
                        LineString,
                        LineString,
                        LineString,
                        LineString,
                        LineString,
                        LineString,
                        LineString,
                        LineString,
                        LineString,
                        LineString,
                        LineString,
                        LineString,
                        LineString,
                        LineString,
                        LineString,
                        LineString,
                        LineString,
                        LineString,
                        LineString,
                        LineString,
                        LineString,
                        LineString,
                        LineString,
                        LineString,
                        LineString,
                        LineString,
                        LineString,
                        LineString,
                        LineString,
                        LineString,
                        LineString,
                        LineString,
                        LineString,
                        LineString,
                        LineString,
                        LineString,
                        LineString,
                        LineString,
                        LineString,
                        LineString,
                        LineString,
                        LineString,
                        LineString,
                        LineString,
                        LineString,
                        LineString,
                        LineString,
                        LineString,
                        LineString,
                        LineString,
                        LineString,
                        LineString,
                        LineString,
                        LineString,
                        LineString,
                        LineString,
                        LineString,
                        LineString,
                        LineString,
                        LineString,
                        LineString,
                        LineString,
                        LineString,
                        LineString,
                        LineString,
                        LineString,
                        LineString,
                        LineString,
                        LineString,
                        LineString,
                        LineString,
                        LineString,
                        LineString,
                        LineString,
                        LineString,
                        LineString,
                        LineString,
                        LineString,
                        LineString,
                        LineString,
                        LineString,
                        LineString,
                        LineString,
                        LineString,
                        LineString,
                        LineString,
                        LineString,
                        LineString,
                        LineString,
                        LineString,
                        LineString,
                        LineString,
                        LineString,
                        LineString,
                        LineString,
                        LineString,
                        LineString,
                        LineString,
                        LineString,
                        LineString,
                        LineString,
                        LineString,
                        LineString,
                        LineString,
                        LineString,
                        LineString,
                        LineString,
                        LineString,
                        LineString,
                        LineString,
                        LineString,
                        LineString,
                        LineString,
                        LineString,
                        LineString,
                        LineString,
                        LineString,
                        LineString,
                        LineString,
                        LineString,
                        LineString,
                        LineString,
                        LineString,
                        LineString,
                        LineString,
                        LineString,
                        LineString,
                        LineString,
                        LineString,
                        LineString,
                        LineString,
                        LineString,
                        LineString,
                        LineString,
                        LineString,
                        LineString,
                        LineString,
                        LineString,
                        LineString,
                        LineString,
                        LineString,
                        LineString,
                        LineString,
                        LineString,
                        LineString,
                        LineString,
                        LineString,
                        LineString,
                        LineString,
                        LineString,
                        LineString,
                        LineString,
                        LineString,
                        LineString,
                        LineString,
                        LineString,
                        LineString,
                        LineString,
                        LineString,
                        LineString,
                        LineString,
                        LineString,
                        LineString,
                        LineString,
                        LineString,
                        LineString,
                        LineString,
                        LineString,
                        LineString,
                        LineString,
                        LineString,
                        LineString,
                        LineString,
                        LineString,
                        LineString,
                        LineString,
                        LineString,
                        LineString,
                        LineString,
                        LineString,
                        LineString,
                        LineString,
                        LineString,
                        LineString,
                        LineString,
                        LineString,
                        LineString,
                        LineString,
                        LineString,
                        LineString,
                        LineString,
                        LineString,
                        LineString,
                        LineString,
                        LineString,
                        LineString,
                        LineString,
                        LineString,
                        LineString,
                        LineString,
                        LineString,
                        LineString,
                        LineString,
                        LineString,
                        LineString,
                        LineString,
                        LineString,
                        LineString,
                        LineString,
                        LineString,
                        LineString,
                        LineString,
                        LineString,
                        LineString,
                        LineString,
                        LineString,
                        LineString,
                        LineString,
                        LineString,
                        LineString,
                        LineString,
                        LineString,
                        LineString,
                        LineString,
                        LineString,
                        LineString,
                        LineString,
                        LineString,
                        LineString,
                        LineString,
                        LineString,
                        LineString,
                        LineString,
                        LineString,
                        LineString,
                        LineString,
                        LineString,
                        LineString,
                        LineString,
                        LineString,
                        LineString,
                        LineString,
                        LineString,
                        LineString,
                        LineString,
                        LineString,
                        LineString,
                        LineString,
                        LineString,
                        LineString,
                        LineString,
                        LineString,
                        LineString,
                        LineString,
                        LineString,
                        LineString,
                        LineString,
                        LineString,
                        LineString,
                        LineString,
                        LineString,
                        LineString,
                        LineString,
                        LineString,
                        LineString,
                        LineString,
                        LineString,
                        LineString,
                        LineString,
                        LineString,
                        LineString,
                        LineString,
                        LineString,
                        LineString,
                        LineString,
                        LineString,
                        LineString,
                        LineString,
                        LineString,
                        LineString,
                        LineString,
                        LineString,
                        LineString,
                        LineString,
                        LineString,
                        LineString,
                        LineString,
                        LineString,
                        LineString,
                        LineString,
                        LineString,
                        LineString,
                        LineString,
                        LineString,
                        LineString,
                        LineString,
                        LineString,
                        LineString,
                        LineString,
                        LineString,
                        LineString,
                        LineString,
                        LineString,
                        LineString,
                        LineString,
                        LineString,
                        LineString,
                        LineString,
                        LineString,
                        LineString,
                        LineString,
                        LineString,
                        LineString,
                        LineString,
                        LineString,
                        LineString,
                        LineString,
                        LineString,
                        LineString,
                        LineString,
                        LineString,
                        LineString,
                        LineString,
                        LineString,
                        LineString,
                        LineString,
                        LineString,
                        LineString,
                        LineString,
                        LineString,
                        LineString,
                        LineString,
                        LineString,
                        LineString,
                        LineString,
                        LineString,
                        LineString,
                        LineString,
                        LineString,
                        LineString,
                        LineString,
                        LineString,
                        LineString,
                        LineString,
                        LineString,
                        LineString,
                        LineString,
                        LineString,
                        LineString,
                        LineString,
                        LineString,
                        LineString,
                        LineString,
                        LineString,
                        LineString,
                        LineString,
                        LineString,
                        LineString,
                        LineString,
                        LineString,
                        LineString,
                        LineString,
                        LineString,
                        LineString,
                        LineString,
                        LineString,
                        LineString,
                        LineString,
                        LineString,
                        LineString,
                        LineString,
                        LineString,
                        LineString,
                        LineString,
                        LineString,
                        LineString,
                        LineString,
                        LineString,
                        LineString,
                        LineString,
                        LineString,
                        LineString,
                        LineString,
                        LineString,
                        LineString,
                        LineString,
                        LineString,
                        LineString,
                        LineString,
                        LineString,
                        LineString,
                        LineString,
                        LineString,
                        LineString,
                        LineString,
                        LineString,
                        LineString,
                        LineString,
                        LineString,
                        LineString,
                        LineString,
                        LineString,
                        LineString,
                        LineString,
                        LineString,
                        LineString,
                        LineString,
                        LineString,
                        LineString,
                        LineString,
                        LineString,
                        LineString,
                        LineString,
                        LineString,
                        LineString,
                        LineString,
                        LineString,
                        LineString,
                        LineString,
                        LineString,
                        LineString,
                        LineString,
                        LineString,
                        LineString,
                        LineString,
                        LineString,
                        LineString,
                        LineString,
                        LineString,
                        LineString,
                        LineString,
                        LineString,
                        LineString,
                        LineString,
                        LineString,
                        LineString,
                        LineString,
                        LineString,
                        LineString,
                        LineString,
                        LineString,
                        LineString,
                        LineString,
                        LineString,
                        LineString,
                        LineString,
                        LineString,
                        LineString,
                        LineString,
                        LineString,
                        LineString,
                        LineString,
                        LineString,
                        LineString,
                        LineString,
                        LineString,
                        LineString,
                        LineString,
                        LineString,
                        LineString,
                        LineString,
                        LineString,
                        LineString,
                        LineString,
                        LineString,
                        LineString,
                        LineString,
                        LineString,
                        LineString,
                        LineString,
                        LineString,
                        LineString,
                        LineString,
                        LineString,
                        LineString,
                        LineString,
                        LineString,
                        LineString,
                        LineString,
                        LineString,
                        LineString,
                        LineString,
                        LineString,
                        LineString,
                        LineString,
                        LineString,
                        LineString,
                        LineString,
                        LineString,
                        LineString,
                        LineString,
                        LineString,
                        LineString,
                        LineString,
                        LineString,
                        LineString,
                        LineString,
                        LineString,
                        LineString,
                        LineString,
                        LineString,
                        LineString,
                        LineString,
                        LineString,
                        LineString,
                        LineString,
                        LineString,
                        LineString,
                        LineString,
                        LineString,
                        LineString,
                        LineString,
                        LineString,
                        LineString,
                        LineString,
                        LineString,
                        LineString,
                        LineString,
                        LineString,
                        LineString,
                        LineString,
                        LineString,
                        LineString,
                        LineString,
                        LineString,
                        LineString,
                        LineString,
                        LineString,
                        LineString,
                        LineString,
                        LineString,
                        LineString,
                        LineString,
                        LineString,
                        LineString,
                        LineString,
                        LineString,
                        LineString,
                        LineString,
                        LineString,
                        LineString,
                        LineString,
                        LineString,
                        LineString,
                        LineString,
                        LineString,
                        LineString,
                        LineString,
                        LineString,
                        LineString,
                        LineString,
                        LineString,
                        LineString,
                        LineString,
                        LineString,
                        LineString,
                        LineString,
                        LineString,
                        LineString,
                        LineString,
                        LineString,
                        LineString,
                        LineString,
                        LineString,
                        LineString,
                        LineString,
                        LineString,
                        LineString,
                        LineString,
                        LineString,
                        LineString,
                        LineString,
                        LineString,
                        LineString,
                        LineString,
                        LineString,
                        LineString,
                        LineString,
                        LineString,
                        LineString,
                        LineString,
                        LineString,
                        LineString,
                        LineString,
                        LineString,
                        LineString,
                        LineString,
                        LineString,
                        LineString,
                        LineString,
                        LineString,
                        LineString,
                        LineString,
                        LineString,
                        LineString,
                        LineString,
                        LineString,
                        LineString,
                        LineString,
                        LineString,
                        LineString,
                        LineString,
                        LineString,
                        LineString,
                        LineString,
                        LineString,
                        LineString,
                        LineString,
                        LineString,
                        LineString,
                        LineString,
                        LineString,
                        LineString,
                        LineString,
                        LineString,
                        LineString,
                        LineString,
                        LineString,
                        LineString,
                        LineString,
                        LineString,
                        LineString,
                        LineString,
                        LineString,
                        LineString,
                        LineString,
                        LineString,
                        LineString,
                        LineString,
                        LineString,
                        LineString,
                        LineString,
                        LineString,
                        LineString,
                        LineString,
                        LineString,
                        LineString,
                        LineString,
                        LineString,
                        LineString,
                        LineString,
                        LineString,
                        LineString,
                        LineString,
                        LineString,
                        LineString,
                        LineString,
                        LineString,
                        LineString,
                        LineString,
                        LineString,
                        LineString,
                        LineString,
                        LineString,
                        LineString,
                        LineString,
                        LineString,
                        LineString,
                        LineString,
                        LineString,
                        LineString,
                        LineString,
                        LineString,
                        LineString,
                        LineString,
                        LineString,
                        LineString,
                        LineString,
                        LineString,
                        LineString,
                        LineString,
                        LineString,
                        LineString,
                        LineString,
                        LineString,
                        LineString,
                        LineString,
                        LineString,
                        LineString,
                        LineString,
                        LineString,
                        LineString,
                        LineString,
                        LineString,
                        LineString,
                        LineString,
                        LineString,
                        LineString,
                        LineString,
                        LineString,
                        LineString,
                        LineString,
                        LineString,
                        LineString,
                        LineString,
                        LineString,
                        LineString,
                        LineString,
                        LineString,
                        LineString,
                        LineString,
                        LineString,
                        LineString,
                        LineString,
                        LineString,
                        LineString,
                        LineString,
                        LineString,
                        LineString,
                        LineString,
                        LineString,
                        LineString,
                        LineString,
                        LineString,
                        LineString,
                        LineString,
                        LineString,
                        LineString,
                        LineString,
                        LineString,
                        LineString,
                        LineString,
                        LineString,
                        LineString,
                        LineString,
                        LineString,
                        LineString,
                        LineString,
                        LineString,
                        LineString,
                        LineString,
                        LineString,
                        LineString,
                        LineString,
                        LineString,
                        LineString,
                        LineString,
                        LineString,
                        LineString,
                        LineString,
                        LineString,
                        LineString,
                        LineString,
                        LineString,
                        LineString,
                        LineString,
                        LineString,
                        LineString,
                        LineString,
                        LineString,
                        LineString,
                        LineString,
                        LineString,
                        LineString,
                        LineString,
                        LineString,
                        LineString,
                        LineString,
                        LineString,
                        LineString,
                        LineString,
                        LineString,
                        LineString,
                        LineString,
                        LineString,
                        LineString,
                        LineString,
                        LineString,
                        LineString,
                        LineString,
                        LineString,
                        LineString,
                        LineString,
                        LineString,
                        LineString,
                        LineString,
                        LineString,
                        LineString,
                        LineString,
                        LineString,
                        LineString,
                        LineString,
                        LineString,
                        LineString,
                        LineString,
                        LineString,
                        LineString,
                        LineString,
                        LineString,
                        LineString,
                        LineString,
                        LineString,
                        LineString,
                        LineString,
                        LineString,
                        LineString,
                        LineString,
                        LineString,
                        LineString,
                        LineString,
                        LineString,
                        LineString,
                        LineString,
                        LineString,
                        LineString,
                        LineString,
                        LineString,
                        LineString,
                        LineString,
                        LineString,
                        LineString,
                        LineString,
                        LineString,
                        LineString,
                        LineString,
                        LineString,
                        LineString,
                        LineString,
                        LineString,
                        LineString,
                        LineString,
                        LineString,
                        LineString,
                        LineString,
                        LineString,
                        LineString,
                        LineString,
                        LineString,
                        LineString,
                        LineString,
                        LineString,
                        LineString,
                        LineString,
                        LineString,
                        LineString,
                        LineString,
                        LineString,
                        LineString,
                        LineString,
                        LineString,
                        LineString,
                        LineString,
                        LineString,
                        LineString,
                        LineString,
                        LineString,
                        LineString,
                        LineString,
                        LineString,
                        LineString,
                        LineString,
                        LineString,
                        LineString,
                        LineString,
                        LineString,
                        LineString,
                        LineString,
                        LineString,
                        LineString,
                        LineString,
                        LineString,
                        LineString,
                        LineString,
                        LineString,
                        LineString,
                        LineString,
                        LineString,
                        LineString,
                        LineString,
                        LineString,
                        LineString,
                        LineString,
                        LineString,
                        LineString,
                        LineString,
                        LineString,
                        LineString,
                        LineString,
                        LineString,
                        LineString,
                        LineString,
                        LineString,
                        LineString,
                        LineString,
                        LineString,
                        LineString,
                        LineString,
                        LineString,
                        LineString,
                        LineString,
                        LineString,
                        LineString,
                        LineString,
                        LineString,
                        LineString,
                        LineString,
                        LineString,
                        LineString,
                        LineString,
                        LineString,
                        LineString,
                        LineString,
                        LineString,
                        LineString,
                        LineString,
                        LineString,
                        LineString,
                        LineString,
                        LineString,
                        LineString,
                        LineString,
                        LineString,
                        LineString,
                        LineString,
                        LineString,
                        LineString,
                        LineString,
                        LineString,
                        LineString,
                        LineString,
                        LineString,
                        LineString,
                        LineString,
                        LineString,
                        LineString,
                        LineString,
                        LineString,
                        LineString,
                        LineString,
                        LineString,
                        LineString,
                        LineString,
                        LineString,
                        LineString,
                        LineString,
                        LineString,
                        LineString,
                        LineString,
                        LineString,
                        LineString,
                        LineString,
                        LineString,
                        LineString,
                        LineString,
                        LineString,
                        LineString,
                        LineString,
                        LineString,
                        LineString,
                        LineString,
                        LineString,
                        LineString,
                        LineString,
                        LineString,
                        LineString,
                        LineString,
                        LineString,
                        LineString,
                        LineString,
                        LineString,
                        LineString,
                        LineString,
                        LineString,
                        LineString,
                        LineString,
                        LineString,
                        LineString,
                        LineString,
                        LineString,
                        LineString,
                        LineString,
                        LineString,
                        LineString,
                        LineString,
                        LineString,
                        LineString,
                        LineString,
                        LineString,
                        LineString,
                        LineString,
                        LineString,
                        LineString,
                        LineString,
                        LineString,
                        LineString,
                        LineString,
                        LineString,
                        LineString,
                        LineString,
                        LineString,
                        LineString,
                        LineString,
                        LineString,
                        LineString,
                        LineString,
                        LineString,
                        LineString,
                        LineString,
                        LineString,
                        LineString,
                        LineString,
                        LineString,
                        LineString,
                        LineString,
                        LineString,
                        LineString,
                        LineString,
                        LineString,
                        LineString,
                        LineString,
                        LineString,
                        LineString,
                        LineString,
                        LineString,
                        LineString,
                        LineString,
                        LineString,
                        LineString,
                        LineString,
                        LineString,
                        LineString,
                        LineString,
                        LineString,
                        LineString,
                        LineString,
                        LineString,
                        LineString,
                        LineString,
                        LineString,
                        LineString,
                        LineString,
                        LineString,
                        LineString,
                        LineString,
                        LineString,
                        LineString,
                        LineString,
                        LineString,
                        LineString,
                        LineString,
                        LineString,
                        LineString,
                        LineString,
                        LineString,
                        LineString,
                        LineString,
                        LineString,
                        LineString,
                        LineString,
                        LineString,
                        LineString,
                        LineString,
                        LineString,
                        LineString,
                        LineString,
                        LineString,
                        LineString,
                        LineString,
                        LineString,
                        LineString,
                        LineString,
                        LineString,
                        LineString,
                        LineString,
                        LineString,
                        LineString,
                        LineString,
                        LineString,
                        LineString,
                        LineString,
                        LineString,
                        LineString,
                        LineString,
                        LineString,
                        LineString,
                        LineString,
                        LineString,
                    ],
                    geometry_offsets: None,
                    part_offsets: [0,2,4,6,8,10,12,14, ...; 1759],
                    ring_offsets: None,
                    vertex_offsets: [1018,1041,631,633,634,632,703,635, ...; 3697],
                    index_buffer: None,
                    triangles: None,
                    vertices: [188,75,183,87,181,93,179,130, ...; 4416],
                },
            ),
            properties: [
                Decoded(
                    DecodedProperty {
                        name: "class",
                        values: Str(
                            [],
                        ),
                    },
                ),
                Decoded(
                    DecodedProperty {
                        name: "layer",
                        values: I32(
                            [],
                        ),
                    },
                ),
                Decoded(
                    DecodedProperty {
                        name: "ramp",
                        values: I32(
                            [],
                        ),
                    },
                ),
                Decoded(
                    DecodedProperty {
                        name: "bicycle",
                        values: Str(
                            [],
                        ),
                    },
                ),
                Decoded(
                    DecodedProperty {
                        name: "foot",
                        values: Str(
                            [],
                        ),
                    },
                ),
                Decoded(
                    DecodedProperty {
                        name: "horse",
                        values: Str(
                            [],
                        ),
                    },
                ),
                Decoded(
                    DecodedProperty {
                        name: "oneway",
                        values: I32(
                            [],
                        ),
                    },
                ),
                Decoded(
                    DecodedProperty {
                        name: "subclass",
                        values: Str(
                            [],
                        ),
                    },
                ),
                Decoded(
                    DecodedProperty {
                        name: "brunnel",
                        values: Str(
                            [],
                        ),
                    },
                ),
            ],
        },
    ),
]
