---
source: mlt-nom/tests/snapshots.rs
---
[
    Tag01(
        Layer01 {
            name: "landcover",
            extent: 4096,
            id: DecodeError(
                "not implemented: decode 32 bit Id from stream",
            ),
            geometry: DecodeError(
                "not implemented: geometry_offsets with part_offsets and ring_offsets case is not implemented",
            ),
            properties: [
                Decoded(
                    DecodedProperty {
                        name: "class",
                        values: Str(
                            [],
                        ),
                    },
                ),
                Decoded(
                    DecodedProperty {
                        name: "subclass",
                        values: Str(
                            [],
                        ),
                    },
                ),
            ],
        },
    ),
    Tag01(
        Layer01 {
            name: "landuse",
            extent: 4096,
            id: DecodeError(
                "not implemented: decode 32 bit Id from stream",
            ),
            geometry: DecodeError(
                "not implemented: geometry_offsets with part_offsets and ring_offsets case is not implemented",
            ),
            properties: [
                Decoded(
                    DecodedProperty {
                        name: "class",
                        values: Str(
                            [],
                        ),
                    },
                ),
            ],
        },
    ),
    Tag01(
        Layer01 {
            name: "mountain_peak",
            extent: 4096,
            id: DecodeError(
                "not implemented: decode 64 bit LongId from stream",
            ),
            geometry: Decoded(
                DecodedGeometry {
                    vector_types: [
                        Point,
                        Point,
                        Point,
                        Point,
                        Point,
                        Point,
                        Point,
                        Point,
                        Point,
                        Point,
                    ],
                    geometry_offsets: None,
                    part_offsets: None,
                    ring_offsets: None,
                    vertex_offsets: None,
                    index_buffer: None,
                    triangles: None,
                    vertices: [-986,5002,799,3942,2221,3069,2977,3491, ...; 20],
                },
            ),
            properties: [
                Decoded(
                    DecodedProperty {
                        name: "class",
                        values: Str(
                            [],
                        ),
                    },
                ),
                Decoded(
                    DecodedProperty {
                        name: "ele",
                        values: I32(
                            [],
                        ),
                    },
                ),
                Decoded(
                    DecodedProperty {
                        name: "ele_ft",
                        values: I32(
                            [],
                        ),
                    },
                ),
                Decoded(
                    DecodedProperty {
                        name: "name",
                        values: Str(
                            [],
                        ),
                    },
                ),
                Decoded(
                    DecodedProperty {
                        name: "name:latin",
                        values: Str(
                            [],
                        ),
                    },
                ),
                Decoded(
                    DecodedProperty {
                        name: "name_de",
                        values: Str(
                            [],
                        ),
                    },
                ),
                Decoded(
                    DecodedProperty {
                        name: "name_en",
                        values: Str(
                            [],
                        ),
                    },
                ),
                Decoded(
                    DecodedProperty {
                        name: "name_int",
                        values: Str(
                            [],
                        ),
                    },
                ),
                Decoded(
                    DecodedProperty {
                        name: "rank",
                        values: I32(
                            [],
                        ),
                    },
                ),
            ],
        },
    ),
    Tag01(
        Layer01 {
            name: "place",
            extent: 4096,
            id: DecodeError(
                "not implemented: decode 64 bit LongId from stream",
            ),
            geometry: Decoded(
                DecodedGeometry {
                    vector_types: [
                        Point,
                        Point,
                        Point,
                        Point,
                        Point,
                        Point,
                        Point,
                        Point,
                        Point,
                        Point,
                        Point,
                        Point,
                        Point,
                        Point,
                        Point,
                        Point,
                        Point,
                        Point,
                        Point,
                        Point,
                        Point,
                        Point,
                        Point,
                        Point,
                        Point,
                        Point,
                        Point,
                        Point,
                        Point,
                        Point,
                        Point,
                        Point,
                        Point,
                        Point,
                        Point,
                        Point,
                        Point,
                        Point,
                        Point,
                        Point,
                        Point,
                        Point,
                        Point,
                        Point,
                        Point,
                        Point,
                        Point,
                        Point,
                        Point,
                        Point,
                        Point,
                        Point,
                        Point,
                        Point,
                        Point,
                        Point,
                        Point,
                        Point,
                        Point,
                        Point,
                        Point,
                        Point,
                        Point,
                        Point,
                        Point,
                        Point,
                        Point,
                        Point,
                        Point,
                        Point,
                        Point,
                        Point,
                        Point,
                        Point,
                        Point,
                        Point,
                        Point,
                        Point,
                        Point,
                        Point,
                        Point,
                        Point,
                        Point,
                        Point,
                        Point,
                        Point,
                        Point,
                        Point,
                    ],
                    geometry_offsets: None,
                    part_offsets: None,
                    ring_offsets: None,
                    vertex_offsets: None,
                    index_buffer: None,
                    triangles: None,
                    vertices: [7939,-411,-4060,7319,6665,2508,6435,8124, ...; 176],
                },
            ),
            properties: [
                Decoded(
                    DecodedProperty {
                        name: "class",
                        values: Str(
                            [],
                        ),
                    },
                ),
                Decoded(
                    DecodedProperty {
                        name: "name",
                        values: Str(
                            [],
                        ),
                    },
                ),
                Decoded(
                    DecodedProperty {
                        name: "name:ar",
                        values: Str(
                            [],
                        ),
                    },
                ),
                Decoded(
                    DecodedProperty {
                        name: "name:br",
                        values: Str(
                            [],
                        ),
                    },
                ),
                Decoded(
                    DecodedProperty {
                        name: "name:de",
                        values: Str(
                            [],
                        ),
                    },
                ),
                Decoded(
                    DecodedProperty {
                        name: "name:hu",
                        values: Str(
                            [],
                        ),
                    },
                ),
                Decoded(
                    DecodedProperty {
                        name: "name:ja",
                        values: Str(
                            [],
                        ),
                    },
                ),
                Decoded(
                    DecodedProperty {
                        name: "name:la",
                        values: Str(
                            [],
                        ),
                    },
                ),
                Decoded(
                    DecodedProperty {
                        name: "name:latin",
                        values: Str(
                            [],
                        ),
                    },
                ),
                Decoded(
                    DecodedProperty {
                        name: "name:mk",
                        values: Str(
                            [],
                        ),
                    },
                ),
                Decoded(
                    DecodedProperty {
                        name: "name:ru",
                        values: Str(
                            [],
                        ),
                    },
                ),
                Decoded(
                    DecodedProperty {
                        name: "name:sr",
                        values: Str(
                            [],
                        ),
                    },
                ),
                Decoded(
                    DecodedProperty {
                        name: "name:uk",
                        values: Str(
                            [],
                        ),
                    },
                ),
                Decoded(
                    DecodedProperty {
                        name: "name:zh",
                        values: Str(
                            [],
                        ),
                    },
                ),
                Decoded(
                    DecodedProperty {
                        name: "name_de",
                        values: Str(
                            [],
                        ),
                    },
                ),
                Decoded(
                    DecodedProperty {
                        name: "name_en",
                        values: Str(
                            [],
                        ),
                    },
                ),
                Decoded(
                    DecodedProperty {
                        name: "name_int",
                        values: Str(
                            [],
                        ),
                    },
                ),
                Decoded(
                    DecodedProperty {
                        name: "rank",
                        values: I32(
                            [],
                        ),
                    },
                ),
                Decoded(
                    DecodedProperty {
                        name: "name:en",
                        values: Str(
                            [],
                        ),
                    },
                ),
                Decoded(
                    DecodedProperty {
                        name: "name:bg",
                        values: Str(
                            [],
                        ),
                    },
                ),
                Decoded(
                    DecodedProperty {
                        name: "name:he",
                        values: Str(
                            [],
                        ),
                    },
                ),
                Decoded(
                    DecodedProperty {
                        name: "name:kk",
                        values: Str(
                            [],
                        ),
                    },
                ),
                Decoded(
                    DecodedProperty {
                        name: "name:ko",
                        values: Str(
                            [],
                        ),
                    },
                ),
                Decoded(
                    DecodedProperty {
                        name: "name:lt",
                        values: Str(
                            [],
                        ),
                    },
                ),
                Decoded(
                    DecodedProperty {
                        name: "name:fr",
                        values: Str(
                            [],
                        ),
                    },
                ),
            ],
        },
    ),
    Tag01(
        Layer01 {
            name: "poi",
            extent: 4096,
            id: DecodeError(
                "not implemented: decode 64 bit LongId from stream",
            ),
            geometry: Decoded(
                DecodedGeometry {
                    vector_types: [
                        Point,
                        Point,
                        Point,
                        Point,
                        Point,
                        Point,
                        Point,
                        Point,
                        Point,
                        Point,
                        Point,
                        Point,
                    ],
                    geometry_offsets: None,
                    part_offsets: None,
                    ring_offsets: None,
                    vertex_offsets: None,
                    index_buffer: None,
                    triangles: None,
                    vertices: [4319,54,1338,2302,1829,601,1521,-759, ...; 24],
                },
            ),
            properties: [
                Decoded(
                    DecodedProperty {
                        name: "class",
                        values: Str(
                            [],
                        ),
                    },
                ),
                Decoded(
                    DecodedProperty {
                        name: "name",
                        values: Str(
                            [],
                        ),
                    },
                ),
                Decoded(
                    DecodedProperty {
                        name: "name:latin",
                        values: Str(
                            [],
                        ),
                    },
                ),
                Decoded(
                    DecodedProperty {
                        name: "name_de",
                        values: Str(
                            [],
                        ),
                    },
                ),
                Decoded(
                    DecodedProperty {
                        name: "name_en",
                        values: Str(
                            [],
                        ),
                    },
                ),
                Decoded(
                    DecodedProperty {
                        name: "name_int",
                        values: Str(
                            [],
                        ),
                    },
                ),
                Decoded(
                    DecodedProperty {
                        name: "rank",
                        values: I32(
                            [],
                        ),
                    },
                ),
                Decoded(
                    DecodedProperty {
                        name: "subclass",
                        values: Str(
                            [],
                        ),
                    },
                ),
                Decoded(
                    DecodedProperty {
                        name: "layer",
                        values: I32(
                            [],
                        ),
                    },
                ),
                Decoded(
                    DecodedProperty {
                        name: "level",
                        values: I32(
                            [],
                        ),
                    },
                ),
            ],
        },
    ),
    Tag01(
        Layer01 {
            name: "water",
            extent: 4096,
            id: DecodeError(
                "not implemented: decode 32 bit Id from stream",
            ),
            geometry: DecodeError(
                "not implemented: geometry_offsets with part_offsets and ring_offsets case is not implemented",
            ),
            properties: [
                Decoded(
                    DecodedProperty {
                        name: "class",
                        values: Str(
                            [],
                        ),
                    },
                ),
                Decoded(
                    DecodedProperty {
                        name: "intermittent",
                        values: I32(
                            [],
                        ),
                    },
                ),
            ],
        },
    ),
    Tag01(
        Layer01 {
            name: "transportation_name",
            extent: 4096,
            id: DecodeError(
                "not implemented: decode 32 bit Id from stream",
            ),
            geometry: Decoded(
                DecodedGeometry {
                    vector_types: [
                        LineString,
                        LineString,
                        LineString,
                        LineString,
                        LineString,
                        LineString,
                        LineString,
                        LineString,
                        LineString,
                        LineString,
                        LineString,
                        LineString,
                        LineString,
                        LineString,
                        LineString,
                        LineString,
                        LineString,
                    ],
                    geometry_offsets: None,
                    part_offsets: [0,3,5,7,10,18,25,34, ...; 18],
                    ring_offsets: None,
                    vertex_offsets: None,
                    index_buffer: None,
                    triangles: None,
                    vertices: [194,3523,-115,3542,-128,3542,567,3602, ...; 242],
                },
            ),
            properties: [
                Decoded(
                    DecodedProperty {
                        name: "class",
                        values: Str(
                            [],
                        ),
                    },
                ),
                Decoded(
                    DecodedProperty {
                        name: "network",
                        values: Str(
                            [],
                        ),
                    },
                ),
                Decoded(
                    DecodedProperty {
                        name: "ref",
                        values: Str(
                            [],
                        ),
                    },
                ),
                Decoded(
                    DecodedProperty {
                        name: "ref_length",
                        values: I32(
                            [],
                        ),
                    },
                ),
                Decoded(
                    DecodedProperty {
                        name: "name",
                        values: Str(
                            [],
                        ),
                    },
                ),
                Decoded(
                    DecodedProperty {
                        name: "name:latin",
                        values: Str(
                            [],
                        ),
                    },
                ),
                Decoded(
                    DecodedProperty {
                        name: "name_de",
                        values: Str(
                            [],
                        ),
                    },
                ),
                Decoded(
                    DecodedProperty {
                        name: "name_en",
                        values: Str(
                            [],
                        ),
                    },
                ),
                Decoded(
                    DecodedProperty {
                        name: "name_int",
                        values: Str(
                            [],
                        ),
                    },
                ),
            ],
        },
    ),
    Tag01(
        Layer01 {
            name: "park",
            extent: 4096,
            id: DecodeError(
                "not implemented: decode 32 bit Id from stream",
            ),
            geometry: DecodeError(
                "not implemented: geometry_offsets with part_offsets and ring_offsets case is not implemented",
            ),
            properties: [
                Decoded(
                    DecodedProperty {
                        name: "class",
                        values: Str(
                            [],
                        ),
                    },
                ),
                Decoded(
                    DecodedProperty {
                        name: "name",
                        values: Str(
                            [],
                        ),
                    },
                ),
                Decoded(
                    DecodedProperty {
                        name: "name:latin",
                        values: Str(
                            [],
                        ),
                    },
                ),
                Decoded(
                    DecodedProperty {
                        name: "name_de",
                        values: Str(
                            [],
                        ),
                    },
                ),
                Decoded(
                    DecodedProperty {
                        name: "name_en",
                        values: Str(
                            [],
                        ),
                    },
                ),
                Decoded(
                    DecodedProperty {
                        name: "name_int",
                        values: Str(
                            [],
                        ),
                    },
                ),
            ],
        },
    ),
    Tag01(
        Layer01 {
            name: "transportation",
            extent: 4096,
            id: DecodeError(
                "not implemented: decode 32 bit Id from stream",
            ),
            geometry: DecodeError(
                "not implemented: geometry_offsets with part_offsets case is not implemented",
            ),
            properties: [
                Decoded(
                    DecodedProperty {
                        name: "brunnel",
                        values: Str(
                            [],
                        ),
                    },
                ),
                Decoded(
                    DecodedProperty {
                        name: "class",
                        values: Str(
                            [],
                        ),
                    },
                ),
                Decoded(
                    DecodedProperty {
                        name: "layer",
                        values: I32(
                            [],
                        ),
                    },
                ),
                Decoded(
                    DecodedProperty {
                        name: "oneway",
                        values: I32(
                            [],
                        ),
                    },
                ),
                Decoded(
                    DecodedProperty {
                        name: "ramp",
                        values: I32(
                            [],
                        ),
                    },
                ),
                Decoded(
                    DecodedProperty {
                        name: "surface",
                        values: Str(
                            [],
                        ),
                    },
                ),
                Decoded(
                    DecodedProperty {
                        name: "service",
                        values: Str(
                            [],
                        ),
                    },
                ),
                Decoded(
                    DecodedProperty {
                        name: "bicycle",
                        values: Str(
                            [],
                        ),
                    },
                ),
                Decoded(
                    DecodedProperty {
                        name: "foot",
                        values: Str(
                            [],
                        ),
                    },
                ),
                Decoded(
                    DecodedProperty {
                        name: "horse",
                        values: Str(
                            [],
                        ),
                    },
                ),
                Decoded(
                    DecodedProperty {
                        name: "subclass",
                        values: Str(
                            [],
                        ),
                    },
                ),
            ],
        },
    ),
]
