---
source: mlt-nom/tests/snapshots.rs
---
[
    Tag01(
        Layer01 {
            name: "landcover",
            extent: 4096,
            id: DecodeError(
                "not implemented: decode 32 bit Id from stream",
            ),
            geometry: DecodeError(
                "not implemented: geometry_offsets with part_offsets and ring_offsets case is not implemented",
            ),
            properties: [
                Decoded(
                    DecodedProperty {
                        name: "class",
                        values: Str(
                            [],
                        ),
                    },
                ),
                Decoded(
                    DecodedProperty {
                        name: "subclass",
                        values: Str(
                            [],
                        ),
                    },
                ),
            ],
        },
    ),
    Tag01(
        Layer01 {
            name: "waterway",
            extent: 4096,
            id: DecodeError(
                "not implemented: decode 32 bit Id from stream",
            ),
            geometry: Decoded(
                DecodedGeometry {
                    vector_types: [
                        LineString,
                        LineString,
                        LineString,
                        LineString,
                    ],
                    geometry_offsets: None,
                    part_offsets: [0,2,4,14,23; 5],
                    ring_offsets: None,
                    vertex_offsets: None,
                    index_buffer: None,
                    triangles: None,
                    vertices: [943,141,967,121,1232,2,1265,-64, ...; 46],
                },
            ),
            properties: [
                Decoded(
                    DecodedProperty {
                        name: "class",
                        values: Str(
                            [],
                        ),
                    },
                ),
                Decoded(
                    DecodedProperty {
                        name: "intermittent",
                        values: I32(
                            [],
                        ),
                    },
                ),
                Decoded(
                    DecodedProperty {
                        name: "name_de",
                        values: Str(
                            [],
                        ),
                    },
                ),
                Decoded(
                    DecodedProperty {
                        name: "name_en",
                        values: Str(
                            [],
                        ),
                    },
                ),
                Decoded(
                    DecodedProperty {
                        name: "brunnel",
                        values: Str(
                            [],
                        ),
                    },
                ),
                Decoded(
                    DecodedProperty {
                        name: "name",
                        values: Str(
                            [],
                        ),
                    },
                ),
                Decoded(
                    DecodedProperty {
                        name: "name:latin",
                        values: Str(
                            [],
                        ),
                    },
                ),
                Decoded(
                    DecodedProperty {
                        name: "name_int",
                        values: Str(
                            [],
                        ),
                    },
                ),
            ],
        },
    ),
    Tag01(
        Layer01 {
            name: "landuse",
            extent: 4096,
            id: DecodeError(
                "not implemented: decode 32 bit Id from stream",
            ),
            geometry: DecodeError(
                "not implemented: geometry_offsets with part_offsets and ring_offsets case is not implemented",
            ),
            properties: [
                Decoded(
                    DecodedProperty {
                        name: "class",
                        values: Str(
                            [],
                        ),
                    },
                ),
            ],
        },
    ),
    Tag01(
        Layer01 {
            name: "place",
            extent: 4096,
            id: DecodeError(
                "not implemented: decode 64 bit LongId from stream",
            ),
            geometry: Decoded(
                DecodedGeometry {
                    vector_types: [
                        Point,
                        Point,
                        Point,
                        Point,
                        Point,
                        Point,
                        Point,
                        Point,
                        Point,
                        Point,
                        Point,
                        Point,
                        Point,
                        Point,
                        Point,
                    ],
                    geometry_offsets: None,
                    part_offsets: None,
                    ring_offsets: None,
                    vertex_offsets: None,
                    index_buffer: None,
                    triangles: None,
                    vertices: [-2175,4046,-3065,-3626,-1278,6833,-1492,3313, ...; 30],
                },
            ),
            properties: [
                Decoded(
                    DecodedProperty {
                        name: "class",
                        values: Str(
                            [],
                        ),
                    },
                ),
                Decoded(
                    DecodedProperty {
                        name: "name",
                        values: Str(
                            [],
                        ),
                    },
                ),
                Decoded(
                    DecodedProperty {
                        name: "name:latin",
                        values: Str(
                            [],
                        ),
                    },
                ),
                Decoded(
                    DecodedProperty {
                        name: "name_de",
                        values: Str(
                            [],
                        ),
                    },
                ),
                Decoded(
                    DecodedProperty {
                        name: "name_en",
                        values: Str(
                            [],
                        ),
                    },
                ),
                Decoded(
                    DecodedProperty {
                        name: "name_int",
                        values: Str(
                            [],
                        ),
                    },
                ),
                Decoded(
                    DecodedProperty {
                        name: "rank",
                        values: I32(
                            [],
                        ),
                    },
                ),
            ],
        },
    ),
    Tag01(
        Layer01 {
            name: "poi",
            extent: 4096,
            id: DecodeError(
                "not implemented: decode 64 bit LongId from stream",
            ),
            geometry: Decoded(
                DecodedGeometry {
                    vector_types: [
                        Point,
                        Point,
                        Point,
                        Point,
                        Point,
                    ],
                    geometry_offsets: None,
                    part_offsets: None,
                    ring_offsets: None,
                    vertex_offsets: None,
                    index_buffer: None,
                    triangles: None,
                    vertices: [55,3403,2142,2593,2030,-334,2934,1873, ...; 10],
                },
            ),
            properties: [
                Decoded(
                    DecodedProperty {
                        name: "class",
                        values: Str(
                            [],
                        ),
                    },
                ),
                Decoded(
                    DecodedProperty {
                        name: "name",
                        values: Str(
                            [],
                        ),
                    },
                ),
                Decoded(
                    DecodedProperty {
                        name: "name:latin",
                        values: Str(
                            [],
                        ),
                    },
                ),
                Decoded(
                    DecodedProperty {
                        name: "name_de",
                        values: Str(
                            [],
                        ),
                    },
                ),
                Decoded(
                    DecodedProperty {
                        name: "name_en",
                        values: Str(
                            [],
                        ),
                    },
                ),
                Decoded(
                    DecodedProperty {
                        name: "name_int",
                        values: Str(
                            [],
                        ),
                    },
                ),
                Decoded(
                    DecodedProperty {
                        name: "rank",
                        values: I32(
                            [],
                        ),
                    },
                ),
                Decoded(
                    DecodedProperty {
                        name: "subclass",
                        values: Str(
                            [],
                        ),
                    },
                ),
            ],
        },
    ),
    Tag01(
        Layer01 {
            name: "water",
            extent: 4096,
            id: DecodeError(
                "not implemented: decode 32 bit Id from stream",
            ),
            geometry: DecodeError(
                "not implemented: geometry_offsets with part_offsets and ring_offsets case is not implemented",
            ),
            properties: [
                Decoded(
                    DecodedProperty {
                        name: "class",
                        values: Str(
                            [],
                        ),
                    },
                ),
                Decoded(
                    DecodedProperty {
                        name: "intermittent",
                        values: I32(
                            [],
                        ),
                    },
                ),
            ],
        },
    ),
    Tag01(
        Layer01 {
            name: "transportation_name",
            extent: 4096,
            id: DecodeError(
                "not implemented: decode 32 bit Id from stream",
            ),
            geometry: Decoded(
                DecodedGeometry {
                    vector_types: [
                        LineString,
                        LineString,
                        LineString,
                        LineString,
                        LineString,
                        LineString,
                        LineString,
                        LineString,
                        LineString,
                        LineString,
                        LineString,
                        LineString,
                        LineString,
                        LineString,
                        LineString,
                        LineString,
                        LineString,
                        LineString,
                        LineString,
                        LineString,
                        LineString,
                        LineString,
                        LineString,
                        LineString,
                        LineString,
                        LineString,
                        LineString,
                        LineString,
                        LineString,
                        LineString,
                    ],
                    geometry_offsets: None,
                    part_offsets: [0,8,15,24,26,34,45,47, ...; 31],
                    ring_offsets: None,
                    vertex_offsets: None,
                    index_buffer: None,
                    triangles: None,
                    vertices: [290,2230,402,2603,478,2890,600,3397, ...; 432],
                },
            ),
            properties: [
                Decoded(
                    DecodedProperty {
                        name: "brunnel",
                        values: Str(
                            [],
                        ),
                    },
                ),
                Decoded(
                    DecodedProperty {
                        name: "class",
                        values: Str(
                            [],
                        ),
                    },
                ),
                Decoded(
                    DecodedProperty {
                        name: "network",
                        values: Str(
                            [],
                        ),
                    },
                ),
                Decoded(
                    DecodedProperty {
                        name: "ref",
                        values: Str(
                            [],
                        ),
                    },
                ),
                Decoded(
                    DecodedProperty {
                        name: "ref_length",
                        values: I32(
                            [],
                        ),
                    },
                ),
                Decoded(
                    DecodedProperty {
                        name: "name",
                        values: Str(
                            [],
                        ),
                    },
                ),
                Decoded(
                    DecodedProperty {
                        name: "name:latin",
                        values: Str(
                            [],
                        ),
                    },
                ),
                Decoded(
                    DecodedProperty {
                        name: "name_de",
                        values: Str(
                            [],
                        ),
                    },
                ),
                Decoded(
                    DecodedProperty {
                        name: "name_en",
                        values: Str(
                            [],
                        ),
                    },
                ),
                Decoded(
                    DecodedProperty {
                        name: "name_int",
                        values: Str(
                            [],
                        ),
                    },
                ),
            ],
        },
    ),
    Tag01(
        Layer01 {
            name: "building",
            extent: 4096,
            id: DecodeError(
                "not implemented: decode 32 bit Id from stream",
            ),
            geometry: DecodeError(
                "not implemented: geometry_offsets with part_offsets and ring_offsets case is not implemented",
            ),
            properties: [],
        },
    ),
    Tag01(
        Layer01 {
            name: "transportation",
            extent: 4096,
            id: DecodeError(
                "not implemented: decode 32 bit Id from stream",
            ),
            geometry: DecodeError(
                "not implemented: geometry_offsets with part_offsets and ring_offsets case is not implemented",
            ),
            properties: [
                Decoded(
                    DecodedProperty {
                        name: "brunnel",
                        values: Str(
                            [],
                        ),
                    },
                ),
                Decoded(
                    DecodedProperty {
                        name: "class",
                        values: Str(
                            [],
                        ),
                    },
                ),
                Decoded(
                    DecodedProperty {
                        name: "layer",
                        values: I32(
                            [],
                        ),
                    },
                ),
                Decoded(
                    DecodedProperty {
                        name: "oneway",
                        values: I32(
                            [],
                        ),
                    },
                ),
                Decoded(
                    DecodedProperty {
                        name: "ramp",
                        values: I32(
                            [],
                        ),
                    },
                ),
                Decoded(
                    DecodedProperty {
                        name: "service",
                        values: Str(
                            [],
                        ),
                    },
                ),
                Decoded(
                    DecodedProperty {
                        name: "bicycle",
                        values: Str(
                            [],
                        ),
                    },
                ),
                Decoded(
                    DecodedProperty {
                        name: "surface",
                        values: Str(
                            [],
                        ),
                    },
                ),
                Decoded(
                    DecodedProperty {
                        name: "subclass",
                        values: Str(
                            [],
                        ),
                    },
                ),
                Decoded(
                    DecodedProperty {
                        name: "foot",
                        values: Str(
                            [],
                        ),
                    },
                ),
                Decoded(
                    DecodedProperty {
                        name: "horse",
                        values: Str(
                            [],
                        ),
                    },
                ),
            ],
        },
    ),
]
