---
source: mlt-nom/tests/snapshots.rs
---
[
    Tag01(
        Layer01 {
            name: "boundary",
            extent: 4096,
            id: Decoded(
                DecodedId([1,2,5,6,7,8,9,10, ...; 65]),
            ),
            geometry: Decoded(
                DecodedGeometry {
                    vector_types: "[MultiLineString,LineString,MultiLineString,LineString,LineString,LineString,LineString,LineString, ...; 65]",
                    geometry_offsets: [0,108,109,111,112,113,114,115, ...; 66],
                    part_offsets: [0,2,4,7,9,11,13,15, ...; 524],
                    ring_offsets: None,
                    vertex_offsets: None,
                    index_buffer: None,
                    triangles: None,
                    vertices: [272,2182,-64,2061,794,2085,780,2085, ...; 2970],
                },
            ),
            properties: [
                Decoded(
                    DecodedProperty {
                        name: "admin_level",
                        values: I32(
                            [],
                        ),
                    },
                ),
                Decoded(
                    DecodedProperty {
                        name: "disputed",
                        values: I32(
                            [],
                        ),
                    },
                ),
                Decoded(
                    DecodedProperty {
                        name: "maritime",
                        values: I32(
                            [],
                        ),
                    },
                ),
            ],
        },
    ),
    Tag01(
        Layer01 {
            name: "water_name",
            extent: 4096,
            id: Decoded(
                DecodedId([3056397340,3056401230; 2]),
            ),
            geometry: Decoded(
                DecodedGeometry {
                    vector_types: "[Point,Point; 2]",
                    geometry_offsets: None,
                    part_offsets: None,
                    ring_offsets: None,
                    vertex_offsets: None,
                    index_buffer: None,
                    triangles: None,
                    vertices: [145,2970,6827,5430; 4],
                },
            ),
            properties: [
                Decoded(
                    DecodedProperty {
                        name: "class",
                        values: Str(
                            [],
                        ),
                    },
                ),
                Decoded(
                    DecodedProperty {
                        name: "intermittent",
                        values: I32(
                            [],
                        ),
                    },
                ),
                Decoded(
                    DecodedProperty {
                        name: "name",
                        values: Str(
                            [],
                        ),
                    },
                ),
                Decoded(
                    DecodedProperty {
                        name: "name:ar",
                        values: Str(
                            [],
                        ),
                    },
                ),
                Decoded(
                    DecodedProperty {
                        name: "name:cs",
                        values: Str(
                            [],
                        ),
                    },
                ),
                Decoded(
                    DecodedProperty {
                        name: "name:de",
                        values: Str(
                            [],
                        ),
                    },
                ),
                Decoded(
                    DecodedProperty {
                        name: "name:el",
                        values: Str(
                            [],
                        ),
                    },
                ),
                Decoded(
                    DecodedProperty {
                        name: "name:en",
                        values: Str(
                            [],
                        ),
                    },
                ),
                Decoded(
                    DecodedProperty {
                        name: "name:eo",
                        values: Str(
                            [],
                        ),
                    },
                ),
                Decoded(
                    DecodedProperty {
                        name: "name:es",
                        values: Str(
                            [],
                        ),
                    },
                ),
                Decoded(
                    DecodedProperty {
                        name: "name:fr",
                        values: Str(
                            [],
                        ),
                    },
                ),
                Decoded(
                    DecodedProperty {
                        name: "name:he",
                        values: Str(
                            [],
                        ),
                    },
                ),
                Decoded(
                    DecodedProperty {
                        name: "name:hu",
                        values: Str(
                            [],
                        ),
                    },
                ),
                Decoded(
                    DecodedProperty {
                        name: "name:it",
                        values: Str(
                            [],
                        ),
                    },
                ),
                Decoded(
                    DecodedProperty {
                        name: "name:ko",
                        values: Str(
                            [],
                        ),
                    },
                ),
                Decoded(
                    DecodedProperty {
                        name: "name:latin",
                        values: Str(
                            [],
                        ),
                    },
                ),
                Decoded(
                    DecodedProperty {
                        name: "name:lt",
                        values: Str(
                            [],
                        ),
                    },
                ),
                Decoded(
                    DecodedProperty {
                        name: "name:pl",
                        values: Str(
                            [],
                        ),
                    },
                ),
                Decoded(
                    DecodedProperty {
                        name: "name:ru",
                        values: Str(
                            [],
                        ),
                    },
                ),
                Decoded(
                    DecodedProperty {
                        name: "name:sk",
                        values: Str(
                            [],
                        ),
                    },
                ),
                Decoded(
                    DecodedProperty {
                        name: "name:sl",
                        values: Str(
                            [],
                        ),
                    },
                ),
                Decoded(
                    DecodedProperty {
                        name: "name:ta",
                        values: Str(
                            [],
                        ),
                    },
                ),
                Decoded(
                    DecodedProperty {
                        name: "name:uk",
                        values: Str(
                            [],
                        ),
                    },
                ),
                Decoded(
                    DecodedProperty {
                        name: "name:zh",
                        values: Str(
                            [],
                        ),
                    },
                ),
                Decoded(
                    DecodedProperty {
                        name: "name_de",
                        values: Str(
                            [],
                        ),
                    },
                ),
                Decoded(
                    DecodedProperty {
                        name: "name_en",
                        values: Str(
                            [],
                        ),
                    },
                ),
                Decoded(
                    DecodedProperty {
                        name: "name_int",
                        values: Str(
                            [],
                        ),
                    },
                ),
                Decoded(
                    DecodedProperty {
                        name: "name:be",
                        values: Str(
                            [],
                        ),
                    },
                ),
                Decoded(
                    DecodedProperty {
                        name: "name:br",
                        values: Str(
                            [],
                        ),
                    },
                ),
                Decoded(
                    DecodedProperty {
                        name: "name:fi",
                        values: Str(
                            [],
                        ),
                    },
                ),
                Decoded(
                    DecodedProperty {
                        name: "name:hr",
                        values: Str(
                            [],
                        ),
                    },
                ),
                Decoded(
                    DecodedProperty {
                        name: "name:is",
                        values: Str(
                            [],
                        ),
                    },
                ),
                Decoded(
                    DecodedProperty {
                        name: "name:ja",
                        values: Str(
                            [],
                        ),
                    },
                ),
                Decoded(
                    DecodedProperty {
                        name: "name:mk",
                        values: Str(
                            [],
                        ),
                    },
                ),
            ],
        },
    ),
    Tag01(
        Layer01 {
            name: "waterway",
            extent: 4096,
            id: Decoded(
                DecodedId([1,2,3,4,5,6,7,8, ...; 11]),
            ),
            geometry: Decoded(
                DecodedGeometry {
                    vector_types: "[LineString,LineString,MultiLineString,LineString,MultiLineString,MultiLineString,LineString,LineString, ...; 11]",
                    geometry_offsets: [0,1,2,5,6,8,11,12, ...; 12],
                    part_offsets: [0,92,144,159,182,184,190,201, ...; 23],
                    ring_offsets: None,
                    vertex_offsets: None,
                    index_buffer: None,
                    triangles: None,
                    vertices: [3900,1648,3875,1614,3860,1612,3838,1598, ...; 972],
                },
            ),
            properties: [
                Decoded(
                    DecodedProperty {
                        name: "class",
                        values: Str(
                            [],
                        ),
                    },
                ),
            ],
        },
    ),
    Tag01(
        Layer01 {
            name: "landuse",
            extent: 4096,
            id: Decoded(
                DecodedId([1,2,3,4,5,6; 6]),
            ),
            geometry: Decoded(
                DecodedGeometry {
                    vector_types: "[Polygon,Polygon,Polygon,Polygon,Polygon,Polygon; 6]",
                    geometry_offsets: [0,1,2,3,4,5,6; 7],
                    part_offsets: [0,1,2,3,4,5,6; 7],
                    ring_offsets: [0,16,42,62,85,119,125; 7],
                    vertex_offsets: None,
                    index_buffer: [14,15,0,1,2,3,3,4, ...; 339],
                    triangles: [14,24,18,21,32,4; 6],
                    vertices: [1346,224,1353,239,1388,251,1390,269, ...; 250],
                },
            ),
            properties: [
                Decoded(
                    DecodedProperty {
                        name: "class",
                        values: Str(
                            [],
                        ),
                    },
                ),
            ],
        },
    ),
    Tag01(
        Layer01 {
            name: "place",
            extent: 4096,
            id: Decoded(
                DecodedId([6718066340,3169405200,3169429600,3169453530,3169456990,3169451040,3169494960,3169544340, ...; 249]),
            ),
            geometry: Decoded(
                DecodedGeometry {
                    vector_types: "[Point,Point,Point,Point,Point,Point,Point,Point, ...; 249]",
                    geometry_offsets: None,
                    part_offsets: None,
                    ring_offsets: None,
                    vertex_offsets: None,
                    index_buffer: None,
                    triangles: None,
                    vertices: [6993,7344,134,1517,3650,1337,7239,-162, ...; 498],
                },
            ),
            properties: [
                Decoded(
                    DecodedProperty {
                        name: "capital",
                        values: I32(
                            [],
                        ),
                    },
                ),
                Decoded(
                    DecodedProperty {
                        name: "class",
                        values: Str(
                            [],
                        ),
                    },
                ),
                Decoded(
                    DecodedProperty {
                        name: "name",
                        values: Str(
                            [],
                        ),
                    },
                ),
                Decoded(
                    DecodedProperty {
                        name: "name:am",
                        values: Str(
                            [],
                        ),
                    },
                ),
                Decoded(
                    DecodedProperty {
                        name: "name:ar",
                        values: Str(
                            [],
                        ),
                    },
                ),
                Decoded(
                    DecodedProperty {
                        name: "name:az",
                        values: Str(
                            [],
                        ),
                    },
                ),
                Decoded(
                    DecodedProperty {
                        name: "name:be",
                        values: Str(
                            [],
                        ),
                    },
                ),
                Decoded(
                    DecodedProperty {
                        name: "name:bg",
                        values: Str(
                            [],
                        ),
                    },
                ),
                Decoded(
                    DecodedProperty {
                        name: "name:ca",
                        values: Str(
                            [],
                        ),
                    },
                ),
                Decoded(
                    DecodedProperty {
                        name: "name:de",
                        values: Str(
                            [],
                        ),
                    },
                ),
                Decoded(
                    DecodedProperty {
                        name: "name:el",
                        values: Str(
                            [],
                        ),
                    },
                ),
                Decoded(
                    DecodedProperty {
                        name: "name:en",
                        values: Str(
                            [],
                        ),
                    },
                ),
                Decoded(
                    DecodedProperty {
                        name: "name:eo",
                        values: Str(
                            [],
                        ),
                    },
                ),
                Decoded(
                    DecodedProperty {
                        name: "name:es",
                        values: Str(
                            [],
                        ),
                    },
                ),
                Decoded(
                    DecodedProperty {
                        name: "name:fr",
                        values: Str(
                            [],
                        ),
                    },
                ),
                Decoded(
                    DecodedProperty {
                        name: "name:he",
                        values: Str(
                            [],
                        ),
                    },
                ),
                Decoded(
                    DecodedProperty {
                        name: "name:hi",
                        values: Str(
                            [],
                        ),
                    },
                ),
                Decoded(
                    DecodedProperty {
                        name: "name:hu",
                        values: Str(
                            [],
                        ),
                    },
                ),
                Decoded(
                    DecodedProperty {
                        name: "name:hy",
                        values: Str(
                            [],
                        ),
                    },
                ),
                Decoded(
                    DecodedProperty {
                        name: "name:is",
                        values: Str(
                            [],
                        ),
                    },
                ),
                Decoded(
                    DecodedProperty {
                        name: "name:ja",
                        values: Str(
                            [],
                        ),
                    },
                ),
                Decoded(
                    DecodedProperty {
                        name: "name:ka",
                        values: Str(
                            [],
                        ),
                    },
                ),
                Decoded(
                    DecodedProperty {
                        name: "name:kk",
                        values: Str(
                            [],
                        ),
                    },
                ),
                Decoded(
                    DecodedProperty {
                        name: "name:kn",
                        values: Str(
                            [],
                        ),
                    },
                ),
                Decoded(
                    DecodedProperty {
                        name: "name:ko",
                        values: Str(
                            [],
                        ),
                    },
                ),
                Decoded(
                    DecodedProperty {
                        name: "name:la",
                        values: Str(
                            [],
                        ),
                    },
                ),
                Decoded(
                    DecodedProperty {
                        name: "name:latin",
                        values: Str(
                            [],
                        ),
                    },
                ),
                Decoded(
                    DecodedProperty {
                        name: "name:lt",
                        values: Str(
                            [],
                        ),
                    },
                ),
                Decoded(
                    DecodedProperty {
                        name: "name:lv",
                        values: Str(
                            [],
                        ),
                    },
                ),
                Decoded(
                    DecodedProperty {
                        name: "name:mk",
                        values: Str(
                            [],
                        ),
                    },
                ),
                Decoded(
                    DecodedProperty {
                        name: "name:ml",
                        values: Str(
                            [],
                        ),
                    },
                ),
                Decoded(
                    DecodedProperty {
                        name: "name:nl",
                        values: Str(
                            [],
                        ),
                    },
                ),
                Decoded(
                    DecodedProperty {
                        name: "name:oc",
                        values: Str(
                            [],
                        ),
                    },
                ),
                Decoded(
                    DecodedProperty {
                        name: "name:pl",
                        values: Str(
                            [],
                        ),
                    },
                ),
                Decoded(
                    DecodedProperty {
                        name: "name:ru",
                        values: Str(
                            [],
                        ),
                    },
                ),
                Decoded(
                    DecodedProperty {
                        name: "name:sk",
                        values: Str(
                            [],
                        ),
                    },
                ),
                Decoded(
                    DecodedProperty {
                        name: "name:sl",
                        values: Str(
                            [],
                        ),
                    },
                ),
                Decoded(
                    DecodedProperty {
                        name: "name:sr",
                        values: Str(
                            [],
                        ),
                    },
                ),
                Decoded(
                    DecodedProperty {
                        name: "name:sv",
                        values: Str(
                            [],
                        ),
                    },
                ),
                Decoded(
                    DecodedProperty {
                        name: "name:ta",
                        values: Str(
                            [],
                        ),
                    },
                ),
                Decoded(
                    DecodedProperty {
                        name: "name:th",
                        values: Str(
                            [],
                        ),
                    },
                ),
                Decoded(
                    DecodedProperty {
                        name: "name:uk",
                        values: Str(
                            [],
                        ),
                    },
                ),
                Decoded(
                    DecodedProperty {
                        name: "name:zh",
                        values: Str(
                            [],
                        ),
                    },
                ),
                Decoded(
                    DecodedProperty {
                        name: "name_de",
                        values: Str(
                            [],
                        ),
                    },
                ),
                Decoded(
                    DecodedProperty {
                        name: "name_en",
                        values: Str(
                            [],
                        ),
                    },
                ),
                Decoded(
                    DecodedProperty {
                        name: "name_int",
                        values: Str(
                            [],
                        ),
                    },
                ),
                Decoded(
                    DecodedProperty {
                        name: "rank",
                        values: I32(
                            [],
                        ),
                    },
                ),
                Decoded(
                    DecodedProperty {
                        name: "name:fy",
                        values: Str(
                            [],
                        ),
                    },
                ),
                Decoded(
                    DecodedProperty {
                        name: "name:cs",
                        values: Str(
                            [],
                        ),
                    },
                ),
                Decoded(
                    DecodedProperty {
                        name: "name:it",
                        values: Str(
                            [],
                        ),
                    },
                ),
                Decoded(
                    DecodedProperty {
                        name: "name:br",
                        values: Str(
                            [],
                        ),
                    },
                ),
                Decoded(
                    DecodedProperty {
                        name: "name:pt",
                        values: Str(
                            [],
                        ),
                    },
                ),
                Decoded(
                    DecodedProperty {
                        name: "name:et",
                        values: Str(
                            [],
                        ),
                    },
                ),
                Decoded(
                    DecodedProperty {
                        name: "iso_a2",
                        values: Str(
                            [],
                        ),
                    },
                ),
                Decoded(
                    DecodedProperty {
                        name: "name:bs",
                        values: Str(
                            [],
                        ),
                    },
                ),
                Decoded(
                    DecodedProperty {
                        name: "name:da",
                        values: Str(
                            [],
                        ),
                    },
                ),
                Decoded(
                    DecodedProperty {
                        name: "name:eu",
                        values: Str(
                            [],
                        ),
                    },
                ),
                Decoded(
                    DecodedProperty {
                        name: "name:fi",
                        values: Str(
                            [],
                        ),
                    },
                ),
                Decoded(
                    DecodedProperty {
                        name: "name:ga",
                        values: Str(
                            [],
                        ),
                    },
                ),
                Decoded(
                    DecodedProperty {
                        name: "name:gd",
                        values: Str(
                            [],
                        ),
                    },
                ),
                Decoded(
                    DecodedProperty {
                        name: "name:hr",
                        values: Str(
                            [],
                        ),
                    },
                ),
                Decoded(
                    DecodedProperty {
                        name: "name:id",
                        values: Str(
                            [],
                        ),
                    },
                ),
                Decoded(
                    DecodedProperty {
                        name: "name:ku",
                        values: Str(
                            [],
                        ),
                    },
                ),
                Decoded(
                    DecodedProperty {
                        name: "name:lb",
                        values: Str(
                            [],
                        ),
                    },
                ),
                Decoded(
                    DecodedProperty {
                        name: "name:mt",
                        values: Str(
                            [],
                        ),
                    },
                ),
                Decoded(
                    DecodedProperty {
                        name: "name:no",
                        values: Str(
                            [],
                        ),
                    },
                ),
                Decoded(
                    DecodedProperty {
                        name: "name:rm",
                        values: Str(
                            [],
                        ),
                    },
                ),
                Decoded(
                    DecodedProperty {
                        name: "name:ro",
                        values: Str(
                            [],
                        ),
                    },
                ),
                Decoded(
                    DecodedProperty {
                        name: "name:sq",
                        values: Str(
                            [],
                        ),
                    },
                ),
                Decoded(
                    DecodedProperty {
                        name: "name:te",
                        values: Str(
                            [],
                        ),
                    },
                ),
                Decoded(
                    DecodedProperty {
                        name: "name:tr",
                        values: Str(
                            [],
                        ),
                    },
                ),
                Decoded(
                    DecodedProperty {
                        name: "name:co",
                        values: Str(
                            [],
                        ),
                    },
                ),
                Decoded(
                    DecodedProperty {
                        name: "name:cy",
                        values: Str(
                            [],
                        ),
                    },
                ),
                Decoded(
                    DecodedProperty {
                        name: "name:nonlatin",
                        values: Str(
                            [],
                        ),
                    },
                ),
            ],
        },
    ),
    Tag01(
        Layer01 {
            name: "water",
            extent: 4096,
            id: Decoded(
                DecodedId([1,2,3,4,5,6,7,8, ...; 34]),
            ),
            geometry: Decoded(
                DecodedGeometry {
                    vector_types: "[MultiPolygon,Polygon,Polygon,Polygon,Polygon,Polygon,Polygon,Polygon, ...; 34]",
                    geometry_offsets: [0,5,6,7,8,9,10,11, ...; 35],
                    part_offsets: [0,7,8,15,16,17,18,19, ...; 39],
                    ring_offsets: [0,127,131,135,144,148,154,162, ...; 54],
                    vertex_offsets: None,
                    index_buffer: [4,5,6,6,7,8,8,9, ...; 1989],
                    triangles: [330,4,7,9,4,2,5,10, ...; 34],
                    vertices: [625,3378,632,3393,676,3381,682,3404, ...; 1420],
                },
            ),
            properties: [
                Decoded(
                    DecodedProperty {
                        name: "class",
                        values: Str(
                            [],
                        ),
                    },
                ),
            ],
        },
    ),
    Tag01(
        Layer01 {
            name: "transportation",
            extent: 4096,
            id: Decoded(
                DecodedId([1,2,3,4,5,6,7,8, ...; 14555]),
            ),
            geometry: Decoded(
                DecodedGeometry {
                    vector_types: "[LineString,LineString,LineString,LineString,LineString,LineString,LineString,LineString, ...; 14555]",
                    geometry_offsets: None,
                    part_offsets: [0,2,4,6,8,10,12,14, ...; 14556],
                    ring_offsets: None,
                    vertex_offsets: [5036,5028,5049,5038,5038,5049,9473,9474, ...; 29299],
                    index_buffer: None,
                    triangles: None,
                    vertices: [-64,43,-64,44,-51,52,-28,56, ...; 22510],
                },
            ),
            properties: [
                Decoded(
                    DecodedProperty {
                        name: "brunnel",
                        values: Str(
                            [],
                        ),
                    },
                ),
                Decoded(
                    DecodedProperty {
                        name: "class",
                        values: Str(
                            [],
                        ),
                    },
                ),
            ],
        },
    ),
]
