---
source: mlt-nom/tests/snapshots.rs
---
[
    Tag01(
        Layer01 {
            name: "landcover",
            extent: 4096,
            id: Decoded(
                DecodedId([1,2,3,4,5,6,7,8, ...; 746]),
            ),
            geometry: Decoded(
                DecodedGeometry {
                    vector_types: [Polygon,Polygon,Polygon,Polygon,Polygon,Polygon,Polygon,Polygon, ...; 746],
                    geometry_offsets: [0,1,2,3,4,5,6,7, ...; 747],
                    part_offsets: [0,1,2,3,4,5,6,7, ...; 779],
                    ring_offsets: [0,25,34,37,49,54,63,89, ...; 919],
                    vertex_offsets: None,
                    index_buffer: [23,24,0,1,2,3,3,4, ...; 29292],
                    triangles: [23,7,1,10,3,7,24,6, ...; 746],
                    vertices: [749,3154,746,3186,767,3159,816,3158, ...; 22128],
                },
            ),
            properties: [
                Decoded(
                    DecodedProperty {
                        name: "class",
                        values: Str(
                            [],
                        ),
                    },
                ),
                Decoded(
                    DecodedProperty {
                        name: "subclass",
                        values: Str(
                            [],
                        ),
                    },
                ),
            ],
        },
    ),
    Tag01(
        Layer01 {
            name: "waterway",
            extent: 4096,
            id: Decoded(
                DecodedId([2,2]),
            ),
            geometry: Decoded(
                DecodedGeometry {
                    vector_types: [LineString,LineString],
                    geometry_offsets: None,
                    part_offsets: [0,106,212],
                    ring_offsets: None,
                    vertex_offsets: [105,104,103,27,30,28,29,32, ...; 212],
                    index_buffer: None,
                    triangles: None,
                    vertices: [-64,1199,345,1451,299,1426,309,1409, ...; 212],
                },
            ),
            properties: [
                Decoded(
                    DecodedProperty {
                        name: "class",
                        values: Str(
                            [],
                        ),
                    },
                ),
            ],
        },
    ),
    Tag01(
        Layer01 {
            name: "landuse",
            extent: 4096,
            id: Decoded(
                DecodedId([1,2,3,4,5,6,7,8, ...; 26]),
            ),
            geometry: Decoded(
                DecodedGeometry {
                    vector_types: [Polygon,Polygon,Polygon,Polygon,Polygon,Polygon,Polygon,Polygon, ...; 26],
                    geometry_offsets: [0,1,2,3,4,5,6,7, ...; 27],
                    part_offsets: [0,5,10,12,13,14,15,16, ...; 27],
                    ring_offsets: [0,6,9,12,15,18,27,31, ...; 45],
                    vertex_offsets: None,
                    index_buffer: [8,6,3,3,4,9,11,9, ...; 864],
                    triangles: [24,29,11,8,10,9,9,10, ...; 26],
                    vertices: [3492,3065,3522,3072,3475,3116,3469,3076, ...; 608],
                },
            ),
            properties: [
                Decoded(
                    DecodedProperty {
                        name: "class",
                        values: Str(
                            [],
                        ),
                    },
                ),
            ],
        },
    ),
    Tag01(
        Layer01 {
            name: "mountain_peak",
            extent: 4096,
            id: Decoded(
                DecodedId([1600406829,329258986,778193272,271182510,3904980397,73437289,304235386,421831008, ...; 242]),
            ),
            geometry: Decoded(
                DecodedGeometry {
                    vector_types: [Point,Point,Point,Point,Point,Point,Point,Point, ...; 242],
                    geometry_offsets: None,
                    part_offsets: None,
                    ring_offsets: None,
                    vertex_offsets: [120,43,35,37,1,55,70,29, ...; 242],
                    index_buffer: None,
                    triangles: None,
                    vertices: [-764,-876,-821,-836,-728,-764,-839,-670, ...; 242],
                },
            ),
            properties: [
                Decoded(
                    DecodedProperty {
                        name: "class",
                        values: Str(
                            [],
                        ),
                    },
                ),
                Decoded(
                    DecodedProperty {
                        name: "ele",
                        values: I32(
                            [],
                        ),
                    },
                ),
                Decoded(
                    DecodedProperty {
                        name: "ele_ft",
                        values: I32(
                            [],
                        ),
                    },
                ),
                Decoded(
                    DecodedProperty {
                        name: "name",
                        values: Str(
                            [],
                        ),
                    },
                ),
                Decoded(
                    DecodedProperty {
                        name: "name:latin",
                        values: Str(
                            [],
                        ),
                    },
                ),
                Decoded(
                    DecodedProperty {
                        name: "name_de",
                        values: Str(
                            [],
                        ),
                    },
                ),
                Decoded(
                    DecodedProperty {
                        name: "name_en",
                        values: Str(
                            [],
                        ),
                    },
                ),
                Decoded(
                    DecodedProperty {
                        name: "name_int",
                        values: Str(
                            [],
                        ),
                    },
                ),
                Decoded(
                    DecodedProperty {
                        name: "rank",
                        values: I32(
                            [],
                        ),
                    },
                ),
                Decoded(
                    DecodedProperty {
                        name: "name:da",
                        values: Str(
                            [],
                        ),
                    },
                ),
                Decoded(
                    DecodedProperty {
                        name: "name:de",
                        values: Str(
                            [],
                        ),
                    },
                ),
                Decoded(
                    DecodedProperty {
                        name: "name:he",
                        values: Str(
                            [],
                        ),
                    },
                ),
                Decoded(
                    DecodedProperty {
                        name: "name:ja",
                        values: Str(
                            [],
                        ),
                    },
                ),
                Decoded(
                    DecodedProperty {
                        name: "name:la",
                        values: Str(
                            [],
                        ),
                    },
                ),
                Decoded(
                    DecodedProperty {
                        name: "name:lt",
                        values: Str(
                            [],
                        ),
                    },
                ),
                Decoded(
                    DecodedProperty {
                        name: "name:ru",
                        values: Str(
                            [],
                        ),
                    },
                ),
                Decoded(
                    DecodedProperty {
                        name: "name:zh",
                        values: Str(
                            [],
                        ),
                    },
                ),
            ],
        },
    ),
    Tag01(
        Layer01 {
            name: "place",
            extent: 4096,
            id: Decoded(
                DecodedId([16833253550,274186640,2400901700,216871490,16518887340,2400901600,289797680,16746191010, ...; 290]),
            ),
            geometry: Decoded(
                DecodedGeometry {
                    vector_types: [Point,Point,Point,Point,Point,Point,Point,Point, ...; 290],
                    geometry_offsets: None,
                    part_offsets: None,
                    ring_offsets: None,
                    vertex_offsets: [46,82,116,128,15,118,100,34, ...; 290],
                    index_buffer: None,
                    triangles: None,
                    vertices: [-2700,-3167,-2745,-1932,-3176,-2206,-3046,-2755, ...; 290],
                },
            ),
            properties: [
                Decoded(
                    DecodedProperty {
                        name: "class",
                        values: Str(
                            [],
                        ),
                    },
                ),
                Decoded(
                    DecodedProperty {
                        name: "iso_a2",
                        values: Str(
                            [],
                        ),
                    },
                ),
                Decoded(
                    DecodedProperty {
                        name: "name",
                        values: Str(
                            [],
                        ),
                    },
                ),
                Decoded(
                    DecodedProperty {
                        name: "name:am",
                        values: Str(
                            [],
                        ),
                    },
                ),
                Decoded(
                    DecodedProperty {
                        name: "name:ar",
                        values: Str(
                            [],
                        ),
                    },
                ),
                Decoded(
                    DecodedProperty {
                        name: "name:az",
                        values: Str(
                            [],
                        ),
                    },
                ),
                Decoded(
                    DecodedProperty {
                        name: "name:be",
                        values: Str(
                            [],
                        ),
                    },
                ),
                Decoded(
                    DecodedProperty {
                        name: "name:bg",
                        values: Str(
                            [],
                        ),
                    },
                ),
                Decoded(
                    DecodedProperty {
                        name: "name:br",
                        values: Str(
                            [],
                        ),
                    },
                ),
                Decoded(
                    DecodedProperty {
                        name: "name:bs",
                        values: Str(
                            [],
                        ),
                    },
                ),
                Decoded(
                    DecodedProperty {
                        name: "name:ca",
                        values: Str(
                            [],
                        ),
                    },
                ),
                Decoded(
                    DecodedProperty {
                        name: "name:co",
                        values: Str(
                            [],
                        ),
                    },
                ),
                Decoded(
                    DecodedProperty {
                        name: "name:cs",
                        values: Str(
                            [],
                        ),
                    },
                ),
                Decoded(
                    DecodedProperty {
                        name: "name:cy",
                        values: Str(
                            [],
                        ),
                    },
                ),
                Decoded(
                    DecodedProperty {
                        name: "name:da",
                        values: Str(
                            [],
                        ),
                    },
                ),
                Decoded(
                    DecodedProperty {
                        name: "name:de",
                        values: Str(
                            [],
                        ),
                    },
                ),
                Decoded(
                    DecodedProperty {
                        name: "name:el",
                        values: Str(
                            [],
                        ),
                    },
                ),
                Decoded(
                    DecodedProperty {
                        name: "name:en",
                        values: Str(
                            [],
                        ),
                    },
                ),
                Decoded(
                    DecodedProperty {
                        name: "name:eo",
                        values: Str(
                            [],
                        ),
                    },
                ),
                Decoded(
                    DecodedProperty {
                        name: "name:es",
                        values: Str(
                            [],
                        ),
                    },
                ),
                Decoded(
                    DecodedProperty {
                        name: "name:et",
                        values: Str(
                            [],
                        ),
                    },
                ),
                Decoded(
                    DecodedProperty {
                        name: "name:eu",
                        values: Str(
                            [],
                        ),
                    },
                ),
                Decoded(
                    DecodedProperty {
                        name: "name:fi",
                        values: Str(
                            [],
                        ),
                    },
                ),
                Decoded(
                    DecodedProperty {
                        name: "name:fr",
                        values: Str(
                            [],
                        ),
                    },
                ),
                Decoded(
                    DecodedProperty {
                        name: "name:fy",
                        values: Str(
                            [],
                        ),
                    },
                ),
                Decoded(
                    DecodedProperty {
                        name: "name:ga",
                        values: Str(
                            [],
                        ),
                    },
                ),
                Decoded(
                    DecodedProperty {
                        name: "name:gd",
                        values: Str(
                            [],
                        ),
                    },
                ),
                Decoded(
                    DecodedProperty {
                        name: "name:he",
                        values: Str(
                            [],
                        ),
                    },
                ),
                Decoded(
                    DecodedProperty {
                        name: "name:hi",
                        values: Str(
                            [],
                        ),
                    },
                ),
                Decoded(
                    DecodedProperty {
                        name: "name:hr",
                        values: Str(
                            [],
                        ),
                    },
                ),
                Decoded(
                    DecodedProperty {
                        name: "name:hu",
                        values: Str(
                            [],
                        ),
                    },
                ),
                Decoded(
                    DecodedProperty {
                        name: "name:hy",
                        values: Str(
                            [],
                        ),
                    },
                ),
                Decoded(
                    DecodedProperty {
                        name: "name:id",
                        values: Str(
                            [],
                        ),
                    },
                ),
                Decoded(
                    DecodedProperty {
                        name: "name:is",
                        values: Str(
                            [],
                        ),
                    },
                ),
                Decoded(
                    DecodedProperty {
                        name: "name:it",
                        values: Str(
                            [],
                        ),
                    },
                ),
                Decoded(
                    DecodedProperty {
                        name: "name:ja",
                        values: Str(
                            [],
                        ),
                    },
                ),
                Decoded(
                    DecodedProperty {
                        name: "name:ka",
                        values: Str(
                            [],
                        ),
                    },
                ),
                Decoded(
                    DecodedProperty {
                        name: "name:kk",
                        values: Str(
                            [],
                        ),
                    },
                ),
                Decoded(
                    DecodedProperty {
                        name: "name:kn",
                        values: Str(
                            [],
                        ),
                    },
                ),
                Decoded(
                    DecodedProperty {
                        name: "name:ko",
                        values: Str(
                            [],
                        ),
                    },
                ),
                Decoded(
                    DecodedProperty {
                        name: "name:ku",
                        values: Str(
                            [],
                        ),
                    },
                ),
                Decoded(
                    DecodedProperty {
                        name: "name:la",
                        values: Str(
                            [],
                        ),
                    },
                ),
                Decoded(
                    DecodedProperty {
                        name: "name:latin",
                        values: Str(
                            [],
                        ),
                    },
                ),
                Decoded(
                    DecodedProperty {
                        name: "name:lb",
                        values: Str(
                            [],
                        ),
                    },
                ),
                Decoded(
                    DecodedProperty {
                        name: "name:lt",
                        values: Str(
                            [],
                        ),
                    },
                ),
                Decoded(
                    DecodedProperty {
                        name: "name:lv",
                        values: Str(
                            [],
                        ),
                    },
                ),
                Decoded(
                    DecodedProperty {
                        name: "name:mk",
                        values: Str(
                            [],
                        ),
                    },
                ),
                Decoded(
                    DecodedProperty {
                        name: "name:ml",
                        values: Str(
                            [],
                        ),
                    },
                ),
                Decoded(
                    DecodedProperty {
                        name: "name:mt",
                        values: Str(
                            [],
                        ),
                    },
                ),
                Decoded(
                    DecodedProperty {
                        name: "name:nl",
                        values: Str(
                            [],
                        ),
                    },
                ),
                Decoded(
                    DecodedProperty {
                        name: "name:no",
                        values: Str(
                            [],
                        ),
                    },
                ),
                Decoded(
                    DecodedProperty {
                        name: "name:oc",
                        values: Str(
                            [],
                        ),
                    },
                ),
                Decoded(
                    DecodedProperty {
                        name: "name:pl",
                        values: Str(
                            [],
                        ),
                    },
                ),
                Decoded(
                    DecodedProperty {
                        name: "name:pt",
                        values: Str(
                            [],
                        ),
                    },
                ),
                Decoded(
                    DecodedProperty {
                        name: "name:rm",
                        values: Str(
                            [],
                        ),
                    },
                ),
                Decoded(
                    DecodedProperty {
                        name: "name:ro",
                        values: Str(
                            [],
                        ),
                    },
                ),
                Decoded(
                    DecodedProperty {
                        name: "name:ru",
                        values: Str(
                            [],
                        ),
                    },
                ),
                Decoded(
                    DecodedProperty {
                        name: "name:sk",
                        values: Str(
                            [],
                        ),
                    },
                ),
                Decoded(
                    DecodedProperty {
                        name: "name:sl",
                        values: Str(
                            [],
                        ),
                    },
                ),
                Decoded(
                    DecodedProperty {
                        name: "name:sq",
                        values: Str(
                            [],
                        ),
                    },
                ),
                Decoded(
                    DecodedProperty {
                        name: "name:sr",
                        values: Str(
                            [],
                        ),
                    },
                ),
                Decoded(
                    DecodedProperty {
                        name: "name:sv",
                        values: Str(
                            [],
                        ),
                    },
                ),
                Decoded(
                    DecodedProperty {
                        name: "name:ta",
                        values: Str(
                            [],
                        ),
                    },
                ),
                Decoded(
                    DecodedProperty {
                        name: "name:te",
                        values: Str(
                            [],
                        ),
                    },
                ),
                Decoded(
                    DecodedProperty {
                        name: "name:th",
                        values: Str(
                            [],
                        ),
                    },
                ),
                Decoded(
                    DecodedProperty {
                        name: "name:tr",
                        values: Str(
                            [],
                        ),
                    },
                ),
                Decoded(
                    DecodedProperty {
                        name: "name:uk",
                        values: Str(
                            [],
                        ),
                    },
                ),
                Decoded(
                    DecodedProperty {
                        name: "name:zh",
                        values: Str(
                            [],
                        ),
                    },
                ),
                Decoded(
                    DecodedProperty {
                        name: "name_de",
                        values: Str(
                            [],
                        ),
                    },
                ),
                Decoded(
                    DecodedProperty {
                        name: "name_en",
                        values: Str(
                            [],
                        ),
                    },
                ),
                Decoded(
                    DecodedProperty {
                        name: "name_int",
                        values: Str(
                            [],
                        ),
                    },
                ),
                Decoded(
                    DecodedProperty {
                        name: "rank",
                        values: I32(
                            [],
                        ),
                    },
                ),
                Decoded(
                    DecodedProperty {
                        name: "capital",
                        values: I32(
                            [],
                        ),
                    },
                ),
            ],
        },
    ),
    Tag01(
        Layer01 {
            name: "water",
            extent: 4096,
            id: Decoded(
                DecodedId([2,3,4,5,6,7,8,9, ...; 30]),
            ),
            geometry: Decoded(
                DecodedGeometry {
                    vector_types: [Polygon,MultiPolygon,MultiPolygon,Polygon,Polygon,Polygon,Polygon,Polygon, ...; 30],
                    geometry_offsets: [0,1,6,12,13,14,15,16, ...; 31],
                    part_offsets: [0,2,3,5,6,7,8,9, ...; 65],
                    ring_offsets: [0,8,11,25,46,49,58,63, ...; 69],
                    vertex_offsets: None,
                    index_buffer: [0,1,2,3,4,5,5,8, ...; 1638],
                    triangles: [11,49,45,9,9,2,8,5, ...; 30],
                    vertices: [676,1983,690,1973,726,1979,730,2005, ...; 1340],
                },
            ),
            properties: [
                Decoded(
                    DecodedProperty {
                        name: "class",
                        values: Str(
                            [],
                        ),
                    },
                ),
                Decoded(
                    DecodedProperty {
                        name: "intermittent",
                        values: I32(
                            [],
                        ),
                    },
                ),
            ],
        },
    ),
    Tag01(
        Layer01 {
            name: "park",
            extent: 4096,
            id: Decoded(
                DecodedId([1,2,3,4,5,6,7,8, ...; 134]),
            ),
            geometry: Decoded(
                DecodedGeometry {
                    vector_types: [Polygon,MultiPolygon,MultiPolygon,Polygon,Polygon,MultiPolygon,MultiPolygon,Polygon, ...; 134],
                    geometry_offsets: [0,1,4,6,7,8,11,14, ...; 135],
                    part_offsets: [0,1,2,3,4,5,6,7, ...; 195],
                    ring_offsets: [0,102,129,133,136,145,150,158, ...; 199],
                    vertex_offsets: [453,454,455,461,462,457,456,464, ...; 2224],
                    index_buffer: None,
                    triangles: None,
                    vertices: [-64,133,-58,146,-64,151,-56,166, ...; 2126],
                },
            ),
            properties: [
                Decoded(
                    DecodedProperty {
                        name: "class",
                        values: Str(
                            [],
                        ),
                    },
                ),
                Decoded(
                    DecodedProperty {
                        name: "name",
                        values: Str(
                            [],
                        ),
                    },
                ),
                Decoded(
                    DecodedProperty {
                        name: "name:latin",
                        values: Str(
                            [],
                        ),
                    },
                ),
                Decoded(
                    DecodedProperty {
                        name: "name_de",
                        values: Str(
                            [],
                        ),
                    },
                ),
                Decoded(
                    DecodedProperty {
                        name: "name_en",
                        values: Str(
                            [],
                        ),
                    },
                ),
                Decoded(
                    DecodedProperty {
                        name: "name_int",
                        values: Str(
                            [],
                        ),
                    },
                ),
                Decoded(
                    DecodedProperty {
                        name: "name:de",
                        values: Str(
                            [],
                        ),
                    },
                ),
                Decoded(
                    DecodedProperty {
                        name: "name:en",
                        values: Str(
                            [],
                        ),
                    },
                ),
                Decoded(
                    DecodedProperty {
                        name: "name:nonlatin",
                        values: Str(
                            [],
                        ),
                    },
                ),
                Decoded(
                    DecodedProperty {
                        name: "rank",
                        values: I32(
                            [],
                        ),
                    },
                ),
            ],
        },
    ),
    Tag01(
        Layer01 {
            name: "transportation",
            extent: 4096,
            id: Decoded(
                DecodedId([1,2,3,4,5,6,7,8, ...; 8244]),
            ),
            geometry: Decoded(
                DecodedGeometry {
                    vector_types: [LineString,LineString,LineString,LineString,LineString,LineString,LineString,LineString, ...; 8244],
                    geometry_offsets: [0,1,2,3,4,5,6,7, ...; 8245],
                    part_offsets: [0,2,4,7,10,12,14,16, ...; 8249],
                    ring_offsets: None,
                    vertex_offsets: [3972,3970,3849,3841,3805,3753,3756,3757, ...; 18682],
                    index_buffer: None,
                    triangles: None,
                    vertices: [183,-64,189,19,188,19,188,20, ...; 8880],
                },
            ),
            properties: [
                Decoded(
                    DecodedProperty {
                        name: "brunnel",
                        values: Str(
                            [],
                        ),
                    },
                ),
                Decoded(
                    DecodedProperty {
                        name: "class",
                        values: Str(
                            [],
                        ),
                    },
                ),
                Decoded(
                    DecodedProperty {
                        name: "subclass",
                        values: Str(
                            [],
                        ),
                    },
                ),
            ],
        },
    ),
]
